<html>
<body>
<pre>
<h1>µVision Build Log</h1>
<h2>Project:</h2>
C:\Users\Sanjay\OneDrive - Manipal Academy of Higher Education\Documents\GitHub\ES-Lab\ARM_project\asm.uvproj
Project File Date:  12/09/2021

<h2>Output:</h2>
Build target 'Target 1'
assembling practice.s...
linking...
Program Size: Code=28 RO-data=8 RW-data=0 ZI-data=0  
".\asm.axf" - 0 Error(s), 0 Warning(s).
</pre>
</body>
</html>
ta=0  
".\asm.axf" - 0 Error(s), 1 Warning(s).
 A1163E: Unknown opcode R13!, , expecting opcode or Macro
".\asm.axf" - 3 Error(s), 0 Warning(s).
Target not created
