


ARM Macro Assembler    Page 1 


    1 00000000                 AREA             RESET, DATA, READONLY
    2 00000000                 EXPORT           __Vectors
    3 00000000         __Vectors
    4 00000000 10001000        DCD              0X10001000
    5 00000004 00000000        DCD              Reset_Handler
    6 00000008                 ALIGN
    7 00000008                 AREA             MYCODE, CODE, READONLY
    8 00000000                 ENTRY
    9 00000000                 EXPORT           Reset_Handler
   10 00000000         Reset_Handler
   11 00000000 4808            LDR              R0, =SRC
   12 00000002 4909            LDR              R1, =DST
   13 00000004 6803            LDR              R3,[R0]
   14 00000006 680B            LDR              R3,[R1]
   15 00000008 6844            LDR              R4, [R0, #4]
   16 0000000A F64A 35CD       MOV              R5,#0XABCD
   17 0000000E         STOP
   18 0000000E E7FE            B                STOP
   19 00000010 00000012 
              00000008 
              00001234 
              00123456 
              ABCD1234 SRC     DCD              18, 08, 0X1234, 0X123456, 0XABC
D1234
   20 00000024 00000000 
              00000000         AREA             mydata, DATA, READWRITE
   21 00000000 00000000 
                       DST     DCD              0
   22 00000004                 END
Command Line: --debug --xref --cpu=Cortex-M3 --apcs=interwork --depend=sample.d
 -osample.o -IC:\Keil\ARM\RV31\INC -IC:\Keil\ARM\CMSIS\Include -IC:\Keil\ARM\In
c\NXP\LPC17xx --predefine="__EVAL SETA 1" --list=.\sample.lst Lab1\sample.s



ARM Macro Assembler    Page 1 Alphabetic symbol ordering
Relocatable symbols

RESET 00000000

Symbol: RESET
   Definitions
      At line 1 in file Lab1\sample.s
   Uses
      None
Comment: RESET unused
__Vectors 00000000

Symbol: __Vectors
   Definitions
      At line 3 in file Lab1\sample.s
   Uses
      At line 2 in file Lab1\sample.s
Comment: __Vectors used once
2 symbols



ARM Macro Assembler    Page 1 Alphabetic symbol ordering
Relocatable symbols

MYCODE 00000000

Symbol: MYCODE
   Definitions
      At line 7 in file Lab1\sample.s
   Uses
      None
Comment: MYCODE unused
Reset_Handler 00000000

Symbol: Reset_Handler
   Definitions
      At line 10 in file Lab1\sample.s
   Uses
      At line 5 in file Lab1\sample.s
      At line 9 in file Lab1\sample.s

SRC 00000010

Symbol: SRC
   Definitions
      At line 19 in file Lab1\sample.s
   Uses
      At line 11 in file Lab1\sample.s
Comment: SRC used once
STOP 0000000E

Symbol: STOP
   Definitions
      At line 17 in file Lab1\sample.s
   Uses
      At line 18 in file Lab1\sample.s
Comment: STOP used once
4 symbols



ARM Macro Assembler    Page 1 Alphabetic symbol ordering
Relocatable symbols

DST 00000000

Symbol: DST
   Definitions
      At line 21 in file Lab1\sample.s
   Uses
      At line 12 in file Lab1\sample.s
Comment: DST used once
mydata 00000000

Symbol: mydata
   Definitions
      At line 20 in file Lab1\sample.s
   Uses
      None
Comment: mydata unused
2 symbols
341 symbols in table
