Component: ARM Compiler 6.16 Tool: armlink [5dfeaa00]

==============================================================================

Section Cross References

    led_counter.o(.text) refers (Special) to _printf_f.o(.ARM.Collect$$_printf_percent$$00000003) for _printf_f
    led_counter.o(.text) refers (Special) to printf1.o(x$fpl$printf1) for _printf_fp_dec
    led_counter.o(.text) refers (Special) to _printf_percent.o(.ARM.Collect$$_printf_percent$$00000000) for _printf_percent
    led_counter.o(.text) refers (Special) to _printf_pad.o(.text) for _printf_pre_padding
    led_counter.o(.text.main) refers (Special) to _printf_f.o(.ARM.Collect$$_printf_percent$$00000003) for _printf_f
    led_counter.o(.text.main) refers (Special) to printf1.o(x$fpl$printf1) for _printf_fp_dec
    led_counter.o(.text.main) refers (Special) to _printf_percent.o(.ARM.Collect$$_printf_percent$$00000000) for _printf_percent
    led_counter.o(.text.main) refers (Special) to _printf_pad.o(.text) for _printf_pre_padding
    led_counter.o(.text.main) refers to system_lpc17xx_1.o(.text.SystemInit) for SystemInit
    led_counter.o(.text.main) refers to system_lpc17xx_1.o(.text.SystemCoreClockUpdate) for SystemCoreClockUpdate
    led_counter.o(.text.main) refers to led_counter.o(.bss.temp) for temp
    led_counter.o(.text.main) refers to led_counter.o(.bss.final) for final
    led_counter.o(.text.main) refers to led_counter.o(.bss.temper) for temper
    led_counter.o(.text.main) refers to led_counter.o(.bss.temp1) for temp1
    led_counter.o(.text.main) refers to dflt_clz.o(x$fpl$dfltu) for __aeabi_ui2d
    led_counter.o(.text.main) refers to ddiv.o(x$fpl$ddiv) for __aeabi_ddiv
    led_counter.o(.text.main) refers to d2f.o(x$fpl$d2f) for __aeabi_d2f
    led_counter.o(.text.main) refers to fdiv.o(x$fpl$fdiv) for __aeabi_fdiv
    led_counter.o(.text.main) refers to f2d.o(x$fpl$f2d) for __aeabi_f2d
    led_counter.o(.text.main) refers to noretval__2sprintf.o(.text) for __2sprintf
    led_counter.o(.text.main) refers to led_counter.o(.text.lcd_init) for lcd_init
    led_counter.o(.text.main) refers to led_counter.o(.text.lcd_com) for lcd_com
    led_counter.o(.text.main) refers to led_counter.o(.text.lcd_puts) for lcd_puts
    led_counter.o(.ARM.exidx.text.main) refers (Special) to _printf_f.o(.ARM.Collect$$_printf_percent$$00000003) for _printf_f
    led_counter.o(.ARM.exidx.text.main) refers (Special) to printf1.o(x$fpl$printf1) for _printf_fp_dec
    led_counter.o(.ARM.exidx.text.main) refers (Special) to _printf_percent.o(.ARM.Collect$$_printf_percent$$00000000) for _printf_percent
    led_counter.o(.ARM.exidx.text.main) refers (Special) to _printf_pad.o(.text) for _printf_pre_padding
    led_counter.o(.ARM.exidx.text.main) refers to led_counter.o(.text.main) for [Anonymous Symbol]
    led_counter.o(.text.lcd_puts) refers (Special) to _printf_f.o(.ARM.Collect$$_printf_percent$$00000003) for _printf_f
    led_counter.o(.text.lcd_puts) refers (Special) to printf1.o(x$fpl$printf1) for _printf_fp_dec
    led_counter.o(.text.lcd_puts) refers (Special) to _printf_percent.o(.ARM.Collect$$_printf_percent$$00000000) for _printf_percent
    led_counter.o(.text.lcd_puts) refers (Special) to _printf_pad.o(.text) for _printf_pre_padding
    led_counter.o(.text.lcd_puts) refers to led_counter.o(.bss.temp1) for temp1
    led_counter.o(.text.lcd_puts) refers to led_counter.o(.text.lcd_data) for lcd_data
    led_counter.o(.ARM.exidx.text.lcd_puts) refers (Special) to _printf_f.o(.ARM.Collect$$_printf_percent$$00000003) for _printf_f
    led_counter.o(.ARM.exidx.text.lcd_puts) refers (Special) to printf1.o(x$fpl$printf1) for _printf_fp_dec
    led_counter.o(.ARM.exidx.text.lcd_puts) refers (Special) to _printf_percent.o(.ARM.Collect$$_printf_percent$$00000000) for _printf_percent
    led_counter.o(.ARM.exidx.text.lcd_puts) refers (Special) to _printf_pad.o(.text) for _printf_pre_padding
    led_counter.o(.ARM.exidx.text.lcd_puts) refers to led_counter.o(.text.lcd_puts) for [Anonymous Symbol]
    led_counter.o(.text.lcd_init) refers (Special) to _printf_f.o(.ARM.Collect$$_printf_percent$$00000003) for _printf_f
    led_counter.o(.text.lcd_init) refers (Special) to printf1.o(x$fpl$printf1) for _printf_fp_dec
    led_counter.o(.text.lcd_init) refers (Special) to _printf_percent.o(.ARM.Collect$$_printf_percent$$00000000) for _printf_percent
    led_counter.o(.text.lcd_init) refers (Special) to _printf_pad.o(.text) for _printf_pre_padding
    led_counter.o(.text.lcd_init) refers to led_counter.o(.text.clear_ports) for clear_ports
    led_counter.o(.text.lcd_init) refers to led_counter.o(.bss.i) for i
    led_counter.o(.text.lcd_init) refers to led_counter.o(.bss.temp2) for temp2
    led_counter.o(.text.lcd_init) refers to led_counter.o(.text.wr_cn) for wr_cn
    led_counter.o(.text.lcd_init) refers to led_counter.o(.bss.temp1) for temp1
    led_counter.o(.text.lcd_init) refers to led_counter.o(.text.lcd_com) for lcd_com
[...]
    led_counter.o(.bss.temper) refers (Special) to printf1.o(x$fpl$printf1) for _printf_fp_dec
    led_counter.o(.bss.temper) refers (Special) to _printf_percent.o(.ARM.Collect$$_printf_percent$$00000000) for _printf_percent
    led_counter.o(.bss.temper) refers (Special) to _printf_pad.o(.text) for _printf_pre_padding
    led_counter.o(.bss.i) refers (Special) to _printf_f.o(.ARM.Collect$$_printf_percent$$00000003) for _printf_f
    led_counter.o(.bss.i) refers (Special) to printf1.o(x$fpl$printf1) for _printf_fp_dec
    led_counter.o(.bss.i) refers (Special) to _printf_percent.o(.ARM.Collect$$_printf_percent$$00000000) for _printf_percent
    led_counter.o(.bss.i) refers (Special) to _printf_pad.o(.text) for _printf_pre_padding
    led_counter.o(.bss.j) refers (Special) to _printf_f.o(.ARM.Collect$$_printf_percent$$00000003) for _printf_f
    led_counter.o(.bss.j) refers (Special) to printf1.o(x$fpl$printf1) for _printf_fp_dec
    led_counter.o(.bss.j) refers (Special) to _printf_percent.o(.ARM.Collect$$_printf_percent$$00000000) for _printf_percent
    led_counter.o(.bss.j) refers (Special) to _printf_pad.o(.text) for _printf_pre_padding
    led_counter.o(.ARM.use_no_argv) refers (Special) to _printf_f.o(.ARM.Collect$$_printf_percent$$00000003) for _printf_f
    led_counter.o(.ARM.use_no_argv) refers (Special) to printf1.o(x$fpl$printf1) for _printf_fp_dec
    led_counter.o(.ARM.use_no_argv) refers (Special) to _printf_percent.o(.ARM.Collect$$_printf_percent$$00000000) for _printf_percent
    led_counter.o(.ARM.use_no_argv) refers (Special) to _printf_pad.o(.text) for _printf_pre_padding
    gpio_lpc17xx.o(.ARM.exidx.text.GPIO_PortClock) refers to gpio_lpc17xx.o(.text.GPIO_PortClock) for [Anonymous Symbol]
    gpio_lpc17xx.o(.ARM.exidx.text.GPIO_SetDir) refers to gpio_lpc17xx.o(.text.GPIO_SetDir) for [Anonymous Symbol]
    gpio_lpc17xx.o(.ARM.exidx.text.GPIO_PinWrite) refers to gpio_lpc17xx.o(.text.GPIO_PinWrite) for [Anonymous Symbol]
    gpio_lpc17xx.o(.ARM.exidx.text.GPIO_PinRead) refers to gpio_lpc17xx.o(.text.GPIO_PinRead) for [Anonymous Symbol]
    gpio_lpc17xx.o(.ARM.exidx.text.GPIO_PortWrite) refers to gpio_lpc17xx.o(.text.GPIO_PortWrite) for [Anonymous Symbol]
    gpio_lpc17xx.o(.ARM.exidx.text.GPIO_PortRead) refers to gpio_lpc17xx.o(.text.GPIO_PortRead) for [Anonymous Symbol]
    startup_lpc17xx_1.o(STACK) refers (Special) to heapauxi.o(.text) for __use_two_region_memory
    startup_lpc17xx_1.o(HEAP) refers (Special) to heapauxi.o(.text) for __use_two_region_memory
    startup_lpc17xx_1.o(RESET) refers (Special) to heapauxi.o(.text) for __use_two_region_memory
    startup_lpc17xx_1.o(RESET) refers to startup_lpc17xx_1.o(STACK) for __initial_sp
    startup_lpc17xx_1.o(RESET) refers to startup_lpc17xx_1.o(.text) for Reset_Handler
    startup_lpc17xx_1.o(.ARM.__at_0x02FC) refers (Special) to heapauxi.o(.text) for __use_two_region_memory
    startup_lpc17xx_1.o(.text) refers (Special) to heapauxi.o(.text) for __use_two_region_memory
    startup_lpc17xx_1.o(.text) refers to system_lpc17xx_1.o(.text.SystemInit) for SystemInit
    startup_lpc17xx_1.o(.text) refers to __main.o(!!!main) for __main
    startup_lpc17xx_1.o(.text) refers to startup_lpc17xx_1.o(HEAP) for Heap_Mem
    startup_lpc17xx_1.o(.text) refers to startup_lpc17xx_1.o(STACK) for Stack_Mem
    system_lpc17xx_1.o(.text.SystemCoreClockUpdate) refers to lludivv7m.o(.text) for __aeabi_uldivmod
    system_lpc17xx_1.o(.text.SystemCoreClockUpdate) refers to system_lpc17xx_1.o(.data.SystemCoreClock) for SystemCoreClock
    system_lpc17xx_1.o(.ARM.exidx.text.SystemCoreClockUpdate) refers to system_lpc17xx_1.o(.text.SystemCoreClockUpdate) for [Anonymous Symbol]
    system_lpc17xx_1.o(.ARM.exidx.text.SystemInit) refers to system_lpc17xx_1.o(.text.SystemInit) for [Anonymous Symbol]
    __2sprintf.o(.text) refers to _printf_char_common.o(.text) for _printf_char_common
    __2sprintf.o(.text) refers to _sputc.o(.text) for _sputc
    noretval__2sprintf.o(.text) refers to _printf_char_common.o(.text) for _printf_char_common
    noretval__2sprintf.o(.text) refers to _sputc.o(.text) for _sputc
    __printf.o(.text) refers to _printf_percent.o(.ARM.Collect$$_printf_percent$$00000000) for _printf_percent
    __printf_flags.o(.text) refers to _printf_percent.o(.ARM.Collect$$_printf_percent$$00000000) for _printf_percent
    __printf_flags.o(.text) refers to __printf_flags.o(.constdata) for .constdata
    __printf_ss.o(.text) refers to _printf_percent.o(.ARM.Collect$$_printf_percent$$00000000) for _printf_percent
    __printf_flags_ss.o(.text) refers to _printf_percent.o(.ARM.Collect$$_printf_percent$$00000000) for _printf_percent
    __printf_flags_ss.o(.text) refers to __printf_flags_ss.o(.constdata) for .constdata
    __printf_wp.o(.text) refers to __printf_wp.o(i._is_digit) for _is_digit
    __printf_wp.o(.text) refers to _printf_percent.o(.ARM.Collect$$_printf_percent$$00000000) for _printf_percent
    __printf_flags_wp.o(.text) refers to __printf_wp.o(i._is_digit) for _is_digit
    __printf_flags_wp.o(.text) refers to _printf_percent.o(.ARM.Collect$$_printf_percent$$00000000) for _printf_percent
    __printf_flags_wp.o(.text) refers to __printf_flags_wp.o(.constdata) for .constdata
    __printf_ss_wp.o(.text) refers to __printf_wp.o(i._is_digit) for _is_digit
    __printf_ss_wp.o(.text) refers to _printf_percent.o(.ARM.Collect$$_printf_percent$$00000000) for _printf_percent
    __printf_flags_ss_wp.o(.text) refers to __printf_wp.o(i._is_digit) for _is_digit
    __printf_flags_ss_wp.o(.text) refers to _printf_percent.o(.ARM.Collect$$_printf_percent$$00000000) for _printf_percent
    __printf_flags_ss_wp.o(.text) refers to __printf_flags_ss_wp.o(.constdata) for .constdata
    _printf_f.o(.ARM.Collect$$_printf_percent$$00000003) refers (Weak) to printf1.o(x$fpl$printf1) for _printf_fp_dec
    _printf_percent.o(.ARM.Collect$$_printf_percent$$00000000) refers (Special) to _printf_percent_end.o(.ARM.Collect$$_printf_percent$$00000017) for _printf_percent_end
    __main.o(!!!main) refers to __rtentry.o(.ARM.Collect$$rtentry$$00000000) for __rt_entry
    d2f.o(x$fpl$d2f) refers (Special) to usenofp.o(x$fpl$usenofp) for __I$use$fp
    d2f.o(x$fpl$d2f) refers to fretinf.o(x$fpl$fretinf) for __fpl_fretinf
    d2f.o(x$fpl$d2f) refers to dnaninf.o(x$fpl$dnaninf) for __fpl_dnaninf
    ddiv.o(x$fpl$drdiv) refers (Special) to usenofp.o(x$fpl$usenofp) for __I$use$fp
    ddiv.o(x$fpl$drdiv) refers to ddiv.o(x$fpl$ddiv) for ddiv_entry
    ddiv.o(x$fpl$ddiv) refers (Special) to usenofp.o(x$fpl$usenofp) for __I$use$fp
    ddiv.o(x$fpl$ddiv) refers to dretinf.o(x$fpl$dretinf) for __fpl_dretinf
    ddiv.o(x$fpl$ddiv) refers to dnaninf.o(x$fpl$dnaninf) for __fpl_dnaninf
    dflt_clz.o(x$fpl$dfltu) refers (Special) to usenofp.o(x$fpl$usenofp) for __I$use$fp
    dflt_clz.o(x$fpl$dflt) refers (Special) to usenofp.o(x$fpl$usenofp) for __I$use$fp
    dflt_clz.o(x$fpl$dfltn) refers (Special) to usenofp.o(x$fpl$usenofp) for __I$use$fp
    f2d.o(x$fpl$f2d) refers (Special) to usenofp.o(x$fpl$usenofp) for __I$use$fp
    f2d.o(x$fpl$f2d) refers to fnaninf.o(x$fpl$fnaninf) for __fpl_fnaninf
    f2d.o(x$fpl$f2d) refers to dretinf.o(x$fpl$dretinf) for __fpl_dretinf
    fdiv.o(x$fpl$frdiv) refers (Special) to usenofp.o(x$fpl$usenofp) for __I$use$fp
    fdiv.o(x$fpl$frdiv) refers to fdiv.o(x$fpl$fdiv) for _fdiv1
    fdiv.o(x$fpl$fdiv) refers (Special) to usenofp.o(x$fpl$usenofp) for __I$use$fp
    fdiv.o(x$fpl$fdiv) refers to fretinf.o(x$fpl$fretinf) for __fpl_fretinf
    fdiv.o(x$fpl$fdiv) refers to fnaninf.o(x$fpl$fnaninf) for __fpl_fnaninf
    printf1.o(x$fpl$printf1) refers to _printf_fp_dec.o(.text) for _printf_fp_dec_real
    __rtentry.o(.ARM.Collect$$rtentry$$00000000) refers (Special) to __rtentry2.o(.ARM.Collect$$rtentry$$0000000A) for __rt_entry_li
    __rtentry.o(.ARM.Collect$$rtentry$$00000000) refers (Special) to __rtentry2.o(.ARM.Collect$$rtentry$$0000000D) for __rt_entry_main
    __rtentry.o(.ARM.Collect$$rtentry$$00000000) refers (Special) to __rtentry2.o(.ARM.Collect$$rtentry$$0000000C) for __rt_entry_postli_1
    __rtentry.o(.ARM.Collect$$rtentry$$00000000) refers (Special) to __rtentry2.o(.ARM.Collect$$rtentry$$00000009) for __rt_entry_postsh_1
    __rtentry.o(.ARM.Collect$$rtentry$$00000000) refers (Special) to __rtentry2.o(.ARM.Collect$$rtentry$$00000002) for __rt_entry_presh_1
    __rtentry.o(.ARM.Collect$$rtentry$$00000000) refers (Special) to __rtentry4.o(.ARM.Collect$$rtentry$$00000004) for __rt_entry_sh
    aeabi_ldiv0_sigfpe.o(.text) refers to rt_div0.o(.text) for __rt_div0
    _printf_fp_dec.o(.text) refers (Special) to usenofp.o(x$fpl$usenofp) for __I$use$fp
    _printf_fp_dec.o(.text) refers (Special) to lc_numeric_c.o(locale$$code) for _get_lc_numeric
    _printf_fp_dec.o(.text) refers to bigflt0.o(.text) for _btod_etento
    _printf_fp_dec.o(.text) refers to btod.o(CL$$btod_d2e) for _btod_d2e
    _printf_fp_dec.o(.text) refers to btod.o(CL$$btod_ediv) for _btod_ediv
    _printf_fp_dec.o(.text) refers to btod.o(CL$$btod_emul) for _btod_emul
    _printf_fp_dec.o(.text) refers to lludiv10.o(.text) for _ll_udiv10
    _printf_fp_dec.o(.text) refers to fpclassify.o(i.__ARM_fpclassify) for __ARM_fpclassify
    _printf_fp_dec.o(.text) refers to _printf_fp_infnan.o(.text) for _printf_fp_infnan
    _printf_fp_dec.o(.text) refers (Weak) to _printf_pad.o(.text) for _printf_pre_padding
    _printf_fp_dec.o(.text) refers (Weak) to _printf_pad.o(.text) for _printf_pre_padding
    _printf_fp_dec.o(.text) refers to rt_locale_intlibspace.o(.text) for __rt_locale
    _printf_fp_dec.o(.text) refers (Weak) to _printf_pad.o(.text) for _printf_post_padding
    _printf_fp_dec_accurate.o(.text) refers (Special) to usenofp.o(x$fpl$usenofp) for __I$use$fp
    _printf_fp_dec_accurate.o(.text) refers (Special) to lc_numeric_c.o(locale$$code) for _get_lc_numeric
    _printf_fp_dec_accurate.o(.text) refers to btod_accurate.o(.text) for _btod_main
    _printf_fp_dec_accurate.o(.text) refers to fpclassify.o(i.__ARM_fpclassify) for __ARM_fpclassify
    _printf_fp_dec_accurate.o(.text) refers to _printf_fp_infnan.o(.text) for _printf_fp_infnan
    _printf_fp_dec_accurate.o(.text) refers (Weak) to _printf_pad.o(.text) for _printf_pre_padding
    _printf_fp_dec_accurate.o(.text) refers (Weak) to _printf_pad.o(.text) for _printf_pre_padding
    _printf_fp_dec_accurate.o(.text) refers to rt_locale_intlibspace.o(.text) for __rt_locale
    _printf_fp_dec_accurate.o(.text) refers (Weak) to _printf_pad.o(.text) for _printf_post_padding
    _printf_char_common.o(.text) refers to __printf_wp.o(.text) for __printf
    dnaninf.o(x$fpl$dnaninf) refers (Special) to usenofp.o(x$fpl$usenofp) for __I$use$fp
    dretinf.o(x$fpl$dretinf) refers (Special) to usenofp.o(x$fpl$usenofp) for __I$use$fp
    fnaninf.o(x$fpl$fnaninf) refers (Special) to usenofp.o(x$fpl$usenofp) for __I$use$fp
    fretinf.o(x$fpl$fretinf) refers (Special) to usenofp.o(x$fpl$usenofp) for __I$use$fp
    __rtentry2.o(.ARM.Collect$$rtentry$$00000008) refers to boardinit2.o(.text) for _platform_post_stackheap_init
    __rtentry2.o(.ARM.Collect$$rtentry$$0000000A) refers to libinit.o(.ARM.Collect$$libinit$$00000000) for __rt_lib_init
    __rtentry2.o(.ARM.Collect$$rtentry$$0000000B) refers to boardinit3.o(.text) for _platform_post_lib_init
    __rtentry2.o(.ARM.Collect$$rtentry$$0000000D) refers to led_counter.o(.text.main) for main
    __rtentry2.o(.ARM.Collect$$rtentry$$0000000D) refers to exit.o(.text) for exit
    __rtentry2.o(.ARM.exidx) refers to __rtentry2.o(.ARM.Collect$$rtentry$$00000001) for .ARM.Collect$$rtentry$$00000001
    __rtentry2.o(.ARM.exidx) refers to __rtentry2.o(.ARM.Collect$$rtentry$$00000008) for .ARM.Collect$$rtentry$$00000008
    __rtentry2.o(.ARM.exidx) refers to __rtentry2.o(.ARM.Collect$$rtentry$$0000000A) for .ARM.Collect$$rtentry$$0000000A
    __rtentry2.o(.ARM.exidx) refers to __rtentry2.o(.ARM.Collect$$rtentry$$0000000B) for .ARM.Collect$$rtentry$$0000000B
    __rtentry2.o(.ARM.exidx) refers to __rtentry2.o(.ARM.Collect$$rtentry$$0000000D) for .ARM.Collect$$rtentry$$0000000D
    __rtentry4.o(.ARM.Collect$$rtentry$$00000004) refers to sys_stackheap_outer.o(.text) for __user_setup_stackheap
    __rtentry4.o(.ARM.exidx) refers to __rtentry4.o(.ARM.Collect$$rtentry$$00000004) for .ARM.Collect$$rtentry$$00000004
    rt_div0.o(.text) refers to defsig_fpe_outer.o(.text) for __rt_SIGFPE
    rt_locale.o(.text) refers to rt_locale.o(.bss) for __rt_locale_data
    rt_locale_intlibspace.o(.text) refers to libspace.o(.bss) for __libspace_start
    _printf_fp_infnan.o(.text) refers (Weak) to _printf_pad.o(.text) for _printf_pre_padding
    _printf_fp_infnan.o(.text) refers (Weak) to _printf_pad.o(.text) for _printf_post_padding
    bigflt0.o(.text) refers (Special) to usenofp.o(x$fpl$usenofp) for __I$use$fp
    bigflt0.o(.text) refers to btod.o(CL$$btod_emul) for _btod_emul
    bigflt0.o(.text) refers to btod.o(CL$$btod_ediv) for _btod_ediv
    bigflt0.o(.text) refers to bigflt0.o(.constdata) for .constdata
    bigflt0.o(.constdata) refers (Special) to usenofp.o(x$fpl$usenofp) for __I$use$fp
    btod.o(CL$$btod_d2e) refers (Special) to usenofp.o(x$fpl$usenofp) for __I$use$fp
    btod.o(CL$$btod_d2e) refers to btod.o(CL$$btod_d2e_norm_op1) for _d2e_norm_op1
    btod.o(CL$$btod_d2e_norm_op1) refers (Special) to usenofp.o(x$fpl$usenofp) for __I$use$fp
    btod.o(CL$$btod_d2e_norm_op1) refers to btod.o(CL$$btod_d2e_denorm_low) for _d2e_denorm_low
    btod.o(CL$$btod_d2e_denorm_low) refers (Special) to usenofp.o(x$fpl$usenofp) for __I$use$fp
    btod.o(CL$$btod_emul) refers (Special) to usenofp.o(x$fpl$usenofp) for __I$use$fp
    btod.o(CL$$btod_emul) refers to btod.o(CL$$btod_mult_common) for __btod_mult_common
    btod.o(CL$$btod_emul) refers to btod.o(CL$$btod_e2e) for _e2e
    btod.o(CL$$btod_ediv) refers (Special) to usenofp.o(x$fpl$usenofp) for __I$use$fp
    btod.o(CL$$btod_ediv) refers to btod.o(CL$$btod_div_common) for __btod_div_common
    btod.o(CL$$btod_ediv) refers to btod.o(CL$$btod_e2e) for _e2e
    btod.o(CL$$btod_emuld) refers (Special) to usenofp.o(x$fpl$usenofp) for __I$use$fp
    btod.o(CL$$btod_emuld) refers to btod.o(CL$$btod_mult_common) for __btod_mult_common
    btod.o(CL$$btod_emuld) refers to btod.o(CL$$btod_e2d) for _e2d
    btod.o(CL$$btod_edivd) refers (Special) to usenofp.o(x$fpl$usenofp) for __I$use$fp
    btod.o(CL$$btod_edivd) refers to btod.o(CL$$btod_div_common) for __btod_div_common
    btod.o(CL$$btod_edivd) refers to btod.o(CL$$btod_e2d) for _e2d
    btod.o(CL$$btod_e2e) refers (Special) to usenofp.o(x$fpl$usenofp) for __I$use$fp
    btod.o(CL$$btod_e2d) refers (Special) to usenofp.o(x$fpl$usenofp) for __I$use$fp
    btod.o(CL$$btod_e2d) refers to btod.o(CL$$btod_e2e) for _e2e
    btod.o(CL$$btod_mult_common) refers (Special) to usenofp.o(x$fpl$usenofp) for __I$use$fp
    btod.o(CL$$btod_div_common) refers (Special) to usenofp.o(x$fpl$usenofp) for __I$use$fp
    btod_accurate.o(.text) refers to btod_accurate_common.o(.text) for _btod_common
    lc_numeric_c.o(locale$$data) refers (Special) to libinit2.o(.ARM.Collect$$libinit$$00000016) for __rt_lib_init_lc_numeric_2
    lc_numeric_c.o(locale$$code) refers (Special) to libinit2.o(.ARM.Collect$$libinit$$00000016) for __rt_lib_init_lc_numeric_2
    lc_numeric_c.o(locale$$code) refers to strcmpv7m.o(.text) for strcmp
    lc_numeric_c.o(locale$$code) refers to lc_numeric_c.o(locale$$data) for __lcnum_c_name
    istatus.o(x$fpl$ieeestatus) refers (Special) to usenofp.o(x$fpl$usenofp) for __I$use$fp
    fpclassify.o(i.__ARM_fpclassify) refers (Special) to usenofp.o(x$fpl$usenofp) for __I$use$fp
    libspace.o(.text) refers to libspace.o(.bss) for __libspace_start
    sys_stackheap_outer.o(.text) refers to libspace.o(.text) for __user_perproc_libspace
    sys_stackheap_outer.o(.text) refers to startup_lpc17xx_1.o(.text) for __user_initial_stackheap
    btod_accurate_common.o(.text) refers to llushr.o(.text) for __aeabi_llsr
    exit.o(.text) refers to rtexit.o(.ARM.Collect$$rtexit$$00000000) for __rt_exit
    defsig_fpe_outer.o(.text) refers to defsig_fpe_inner.o(.text) for __rt_SIGFPE_inner
    defsig_fpe_outer.o(.text) refers to defsig_exit.o(.text) for __sig_exit
    defsig_fpe_formal.o(.text) refers to rt_raise.o(.text) for __rt_raise
    libinit.o(.ARM.Collect$$libinit$$00000000) refers (Special) to libinit2.o(.ARM.Collect$$libinit$$0000002E) for __rt_lib_init_alloca_1
    libinit.o(.ARM.Collect$$libinit$$00000000) refers (Special) to libinit2.o(.ARM.Collect$$libinit$$0000002C) for __rt_lib_init_argv_1
    libinit.o(.ARM.Collect$$libinit$$00000000) refers (Special) to libinit2.o(.ARM.Collect$$libinit$$0000001B) for __rt_lib_init_atexit_1
    libinit.o(.ARM.Collect$$libinit$$00000000) refers (Special) to libinit2.o(.ARM.Collect$$libinit$$00000021) for __rt_lib_init_clock_1
    libinit.o(.ARM.Collect$$libinit$$00000000) refers (Special) to libinit2.o(.ARM.Collect$$libinit$$00000032) for __rt_lib_init_cpp_1
    libinit.o(.ARM.Collect$$libinit$$00000000) refers (Special) to libinit2.o(.ARM.Collect$$libinit$$00000030) for __rt_lib_init_exceptions_1
    libinit.o(.ARM.Collect$$libinit$$00000000) refers (Special) to libinit2.o(.ARM.Collect$$libinit$$00000002) for __rt_lib_init_fp_1
    libinit.o(.ARM.Collect$$libinit$$00000000) refers (Special) to libinit2.o(.ARM.Collect$$libinit$$0000001F) for __rt_lib_init_fp_trap_1
    libinit.o(.ARM.Collect$$libinit$$00000000) refers (Special) to libinit2.o(.ARM.Collect$$libinit$$00000023) for __rt_lib_init_getenv_1
    libinit.o(.ARM.Collect$$libinit$$00000000) refers (Special) to libinit2.o(.ARM.Collect$$libinit$$0000000A) for __rt_lib_init_heap_1
    libinit.o(.ARM.Collect$$libinit$$00000000) refers (Special) to libinit2.o(.ARM.Collect$$libinit$$00000011) for __rt_lib_init_lc_collate_1
    libinit.o(.ARM.Collect$$libinit$$00000000) refers (Special) to libinit2.o(.ARM.Collect$$libinit$$00000013) for __rt_lib_init_lc_ctype_1
    libinit.o(.ARM.Collect$$libinit$$00000000) refers (Special) to libinit2.o(.ARM.Collect$$libinit$$00000015) for __rt_lib_init_lc_monetary_1
    libinit.o(.ARM.Collect$$libinit$$00000000) refers (Special) to libinit2.o(.ARM.Collect$$libinit$$00000017) for __rt_lib_init_lc_numeric_1
    libinit.o(.ARM.Collect$$libinit$$00000000) refers (Special) to libinit2.o(.ARM.Collect$$libinit$$00000019) for __rt_lib_init_lc_time_1
    libinit.o(.ARM.Collect$$libinit$$00000000) refers (Special) to libinit2.o(.ARM.Collect$$libinit$$00000004) for __rt_lib_init_preinit_1
    libinit.o(.ARM.Collect$$libinit$$00000000) refers (Special) to libinit2.o(.ARM.Collect$$libinit$$0000000E) for __rt_lib_init_rand_1
    libinit.o(.ARM.Collect$$libinit$$00000000) refers (Special) to libinit2.o(.ARM.Collect$$libinit$$00000033) for __rt_lib_init_return
    libinit.o(.ARM.Collect$$libinit$$00000000) refers (Special) to libinit2.o(.ARM.Collect$$libinit$$0000001D) for __rt_lib_init_signal_1
    libinit.o(.ARM.Collect$$libinit$$00000000) refers (Special) to libinit2.o(.ARM.Collect$$libinit$$00000025) for __rt_lib_init_stdio_1
    libinit.o(.ARM.Collect$$libinit$$00000000) refers (Special) to libinit2.o(.ARM.Collect$$libinit$$0000000C) for __rt_lib_init_user_alloc_1
    libinit2.o(.ARM.Collect$$libinit$$0000000F) refers (Weak) to rt_locale_intlibspace.o(.text) for __rt_locale
    libinit2.o(.ARM.Collect$$libinit$$00000010) refers to libinit2.o(.ARM.Collect$$libinit$$0000000F) for .ARM.Collect$$libinit$$0000000F
    libinit2.o(.ARM.Collect$$libinit$$00000012) refers to libinit2.o(.ARM.Collect$$libinit$$0000000F) for .ARM.Collect$$libinit$$0000000F
    libinit2.o(.ARM.Collect$$libinit$$00000014) refers to libinit2.o(.ARM.Collect$$libinit$$0000000F) for .ARM.Collect$$libinit$$0000000F
    libinit2.o(.ARM.Collect$$libinit$$00000016) refers to libinit2.o(.ARM.Collect$$libinit$$0000000F) for .ARM.Collect$$libinit$$0000000F
    libinit2.o(.ARM.Collect$$libinit$$00000016) refers (Weak) to lc_numeric_c.o(locale$$code) for _get_lc_numeric
    libinit2.o(.ARM.Collect$$libinit$$00000018) refers to libinit2.o(.ARM.Collect$$libinit$$0000000F) for .ARM.Collect$$libinit$$0000000F
    libinit2.o(.ARM.Collect$$libinit$$00000026) refers to argv_veneer.o(.emb_text) for __ARM_argv_veneer
    libinit2.o(.ARM.Collect$$libinit$$00000027) refers to argv_veneer.o(.emb_text) for __ARM_argv_veneer
    rtexit.o(.ARM.Collect$$rtexit$$00000000) refers (Special) to rtexit2.o(.ARM.Collect$$rtexit$$00000004) for __rt_exit_exit
    rtexit.o(.ARM.Collect$$rtexit$$00000000) refers (Special) to rtexit2.o(.ARM.Collect$$rtexit$$00000003) for __rt_exit_ls
    rtexit.o(.ARM.Collect$$rtexit$$00000000) refers (Special) to rtexit2.o(.ARM.Collect$$rtexit$$00000002) for __rt_exit_prels_1
    rtexit.o(.ARM.exidx) refers (Special) to rtexit2.o(.ARM.Collect$$rtexit$$00000004) for __rt_exit_exit
    rtexit.o(.ARM.exidx) refers (Special) to rtexit2.o(.ARM.Collect$$rtexit$$00000003) for __rt_exit_ls
    rtexit.o(.ARM.exidx) refers (Special) to rtexit2.o(.ARM.Collect$$rtexit$$00000002) for __rt_exit_prels_1
    rtexit.o(.ARM.exidx) refers to rtexit.o(.ARM.Collect$$rtexit$$00000000) for .ARM.Collect$$rtexit$$00000000
    rt_raise.o(.text) refers to __raise.o(.text) for __raise
    rt_raise.o(.text) refers to sys_exit.o(.text) for _sys_exit
    defsig_exit.o(.text) refers to sys_exit.o(.text) for _sys_exit
    defsig_fpe_inner.o(.text) refers to defsig_general.o(.text) for __default_signal_display
    argv_veneer.o(.emb_text) refers to no_argv.o(.text) for __ARM_get_argv
    sys_exit.o(.text) refers (Special) to use_no_semi.o(.text) for __I$use$semihosting
    sys_exit.o(.text) refers (Special) to indicate_semi.o(.text) for __semihosting_library_function
    sys_exit_hlt.o(.text) refers (Special) to use_no_semi.o(.text) for __I$use$semihosting
    sys_exit_hlt.o(.text) refers (Special) to indicate_semi.o(.text) for __semihosting_library_function
    rtexit2.o(.ARM.Collect$$rtexit$$00000003) refers to libshutdown.o(.ARM.Collect$$libshutdown$$00000000) for __rt_lib_shutdown
    rtexit2.o(.ARM.Collect$$rtexit$$00000004) refers to sys_exit.o(.text) for _sys_exit
    rtexit2.o(.ARM.exidx) refers to rtexit2.o(.ARM.Collect$$rtexit$$00000001) for .ARM.Collect$$rtexit$$00000001
    rtexit2.o(.ARM.exidx) refers to rtexit2.o(.ARM.Collect$$rtexit$$00000003) for .ARM.Collect$$rtexit$$00000003
    rtexit2.o(.ARM.exidx) refers to rtexit2.o(.ARM.Collect$$rtexit$$00000004) for .ARM.Collect$$rtexit$$00000004
    __raise.o(.text) refers to defsig.o(CL$$defsig) for __default_signal_handler
    defsig_general.o(.text) refers to sys_wrch.o(.text) for _ttywrch
    _get_argv_nomalloc.o(.text) refers (Special) to hrguard.o(.text) for __heap_region$guard
    _get_argv_nomalloc.o(.text) refers to defsig_rtmem_outer.o(.text) for __rt_SIGRTMEM
    _get_argv_nomalloc.o(.text) refers to sys_command.o(.text) for _sys_command_string
    sys_wrch.o(.text) refers (Special) to use_no_semi.o(.text) for __I$use$semihosting
    sys_wrch.o(.text) refers (Special) to indicate_semi.o(.text) for __semihosting_library_function
    sys_command.o(.text) refers (Special) to use_no_semi.o(.text) for __I$use$semihosting
    sys_command.o(.text) refers (Special) to indicate_semi.o(.text) for __semihosting_library_function
    sys_wrch_hlt.o(.text) refers (Special) to use_no_semi.o(.text) for __I$use$semihosting
    sys_wrch_hlt.o(.text) refers (Special) to indicate_semi.o(.text) for __semihosting_library_function
    sys_command_hlt.o(.text) refers (Special) to use_no_semi.o(.text) for __I$use$semihosting
    sys_command_hlt.o(.text) refers (Special) to indicate_semi.o(.text) for __semihosting_library_function
    defsig_rtmem_outer.o(.text) refers to defsig_rtmem_inner.o(.text) for __rt_SIGRTMEM_inner
    defsig_rtmem_outer.o(.text) refers to defsig_exit.o(.text) for __sig_exit
    defsig_rtmem_formal.o(.text) refers to rt_raise.o(.text) for __rt_raise
    defsig.o(CL$$defsig) refers to defsig_fpe_inner.o(.text) for __rt_SIGFPE_inner
    defsig.o(CL$$defsig) refers to defsig_rtmem_inner.o(.text) for __rt_SIGRTMEM_inner
    libshutdown.o(.ARM.Collect$$libshutdown$$00000000) refers (Special) to libshutdown2.o(.ARM.Collect$$libshutdown$$00000002) for __rt_lib_shutdown_cpp_1
    libshutdown.o(.ARM.Collect$$libshutdown$$00000000) refers (Special) to libshutdown2.o(.ARM.Collect$$libshutdown$$00000007) for __rt_lib_shutdown_fp_trap_1
    libshutdown.o(.ARM.Collect$$libshutdown$$00000000) refers (Special) to libshutdown2.o(.ARM.Collect$$libshutdown$$0000000F) for __rt_lib_shutdown_heap_1
    libshutdown.o(.ARM.Collect$$libshutdown$$00000000) refers (Special) to libshutdown2.o(.ARM.Collect$$libshutdown$$00000010) for __rt_lib_shutdown_return
    libshutdown.o(.ARM.Collect$$libshutdown$$00000000) refers (Special) to libshutdown2.o(.ARM.Collect$$libshutdown$$0000000A) for __rt_lib_shutdown_signal_1
    libshutdown.o(.ARM.Collect$$libshutdown$$00000000) refers (Special) to libshutdown2.o(.ARM.Collect$$libshutdown$$00000004) for __rt_lib_shutdown_stdio_1
    libshutdown.o(.ARM.Collect$$libshutdown$$00000000) refers (Special) to libshutdown2.o(.ARM.Collect$$libshutdown$$0000000C) for __rt_lib_shutdown_user_alloc_1
    defsig_abrt_inner.o(.text) refers to defsig_general.o(.text) for __default_signal_display
    defsig_rtred_inner.o(.text) refers to defsig_general.o(.text) for __default_signal_display
    defsig_rtmem_inner.o(.text) refers to defsig_general.o(.text) for __default_signal_display
    defsig_stak_inner.o(.text) refers to defsig_general.o(.text) for __default_signal_display
    defsig_pvfn_inner.o(.text) refers to defsig_general.o(.text) for __default_signal_display
    defsig_cppl_inner.o(.text) refers to defsig_general.o(.text) for __default_signal_display
    defsig_segv_inner.o(.text) refers to defsig_general.o(.text) for __default_signal_display
    defsig_other.o(.text) refers to defsig_general.o(.text) for __default_signal_display


==============================================================================

Removing Unused input sections from the image.

    Removing led_counter.o(.text), (0 bytes).
    Removing led_counter.o(.ARM.exidx.text.main), (8 bytes).
    Removing led_counter.o(.ARM.exidx.text.lcd_puts), (8 bytes).
    Removing led_counter.o(.ARM.exidx.text.lcd_init), (8 bytes).
    Removing led_counter.o(.ARM.exidx.text.lcd_com), (8 bytes).
    Removing led_counter.o(.ARM.exidx.text.wr_cn), (8 bytes).
    Removing led_counter.o(.ARM.exidx.text.lcd_data), (8 bytes).
    Removing led_counter.o(.ARM.exidx.text.wr_dn), (8 bytes).
    Removing led_counter.o(.text.delay), (2 bytes).
    Removing led_counter.o(.ARM.exidx.text.delay), (8 bytes).
    Removing led_counter.o(.text.clr_disp), (20 bytes).
    Removing led_counter.o(.ARM.exidx.text.clr_disp), (8 bytes).
    Removing led_counter.o(.ARM.exidx.text.clear_ports), (8 bytes).
    Removing led_counter.o(.data.LED), (4 bytes).
    Removing led_counter.o(.bss.j), (4 bytes).
    Removing led_counter.o(.ARM.use_no_argv), (4 bytes).
    Removing gpio_lpc17xx.o(.text), (0 bytes).
    Removing gpio_lpc17xx.o(.text.GPIO_PortClock), (26 bytes).
    Removing gpio_lpc17xx.o(.ARM.exidx.text.GPIO_PortClock), (8 bytes).
    Removing gpio_lpc17xx.o(.text.GPIO_SetDir), (34 bytes).
    Removing gpio_lpc17xx.o(.ARM.exidx.text.GPIO_SetDir), (8 bytes).
    Removing gpio_lpc17xx.o(.text.GPIO_PinWrite), (28 bytes).
    Removing gpio_lpc17xx.o(.ARM.exidx.text.GPIO_PinWrite), (8 bytes).
    Removing gpio_lpc17xx.o(.text.GPIO_PinRead), (20 bytes).
    Removing gpio_lpc17xx.o(.ARM.exidx.text.GPIO_PinRead), (8 bytes).
    Removing gpio_lpc17xx.o(.text.GPIO_PortWrite), (26 bytes).
    Removing gpio_lpc17xx.o(.ARM.exidx.text.GPIO_PortWrite), (8 bytes).
    Removing gpio_lpc17xx.o(.text.GPIO_PortRead), (14 bytes).
    Removing gpio_lpc17xx.o(.ARM.exidx.text.GPIO_PortRead), (8 bytes).
    Removing system_lpc17xx_1.o(.text), (0 bytes).
    Removing system_lpc17xx_1.o(.ARM.exidx.text.SystemCoreClockUpdate), (8 bytes).
    Removing system_lpc17xx_1.o(.ARM.exidx.text.SystemInit), (8 bytes).

32 unused section(s) (total 326 bytes) removed from the image.

==============================================================================

Image Symbol Table

    Local Symbols

    Symbol Name                              Value     Ov Type        Size  Object(Section)

    ../clib/angel/boardlib.s                 0x00000000   Number         0  boardinit1.o ABSOLUTE
    ../clib/angel/boardlib.s                 0x00000000   Number         0  boardinit2.o ABSOLUTE
    ../clib/angel/boardlib.s                 0x00000000   Number         0  boardinit3.o ABSOLUTE
    ../clib/angel/boardlib.s                 0x00000000   Number         0  boardshut.o ABSOLUTE
    ../clib/angel/handlers.s                 0x00000000   Number         0  __scatter_copy.o ABSOLUTE
    ../clib/angel/handlers.s                 0x00000000   Number         0  __scatter_zi.o ABSOLUTE
    ../clib/angel/kernel.s                   0x00000000   Number         0  __rtentry.o ABSOLUTE
    ../clib/angel/kernel.s                   0x00000000   Number         0  __rtentry2.o ABSOLUTE
    ../clib/angel/kernel.s                   0x00000000   Number         0  __rtentry4.o ABSOLUTE
    ../clib/angel/kernel.s                   0x00000000   Number         0  rtexit.o ABSOLUTE
    ../clib/angel/kernel.s                   0x00000000   Number         0  rtexit2.o ABSOLUTE
    ../clib/angel/rt.s                       0x00000000   Number         0  aeabi_ldiv0.o ABSOLUTE
    ../clib/angel/rt.s                       0x00000000   Number         0  aeabi_ldiv0_sigfpe.o ABSOLUTE
    ../clib/angel/rt.s                       0x00000000   Number         0  rt_div0.o ABSOLUTE
    ../clib/angel/rt.s                       0x00000000   Number         0  rt_locale.o ABSOLUTE
    ../clib/angel/rt.s                       0x00000000   Number         0  rt_locale_intlibspace.o ABSOLUTE
    ../clib/angel/rt.s                       0x00000000   Number         0  rt_raise.o ABSOLUTE
    ../clib/angel/scatter.s                  0x00000000   Number         0  __scatter.o ABSOLUTE
    ../clib/angel/startup.s                  0x00000000   Number         0  __main.o ABSOLUTE
    ../clib/angel/sys.s                      0x00000000   Number         0  libspace.o ABSOLUTE
    ../clib/angel/sys.s                      0x00000000   Number         0  sys_stackheap_outer.o ABSOLUTE
    ../clib/angel/sys.s                      0x00000000   Number         0  use_no_semi.o ABSOLUTE
    ../clib/angel/sys.s                      0x00000000   Number         0  indicate_semi.o ABSOLUTE
    ../clib/angel/sysapp.c                   0x00000000   Number         0  sys_exit.o ABSOLUTE
    ../clib/angel/sysapp.c                   0x00000000   Number         0  sys_exit_hlt.o ABSOLUTE
    ../clib/angel/sysapp.c                   0x00000000   Number         0  sys_wrch.o ABSOLUTE
    ../clib/angel/sysapp.c                   0x00000000   Number         0  sys_command.o ABSOLUTE
    ../clib/angel/sysapp.c                   0x00000000   Number         0  sys_wrch_hlt.o ABSOLUTE
    ../clib/angel/sysapp.c                   0x00000000   Number         0  sys_command_hlt.o ABSOLUTE
    ../clib/armsys.c                         0x00000000   Number         0  argv_veneer.o ABSOLUTE
    ../clib/armsys.c                         0x00000000   Number         0  argv_veneer.o ABSOLUTE
    ../clib/armsys.c                         0x00000000   Number         0  _get_argv_nomalloc.o ABSOLUTE
    ../clib/armsys.c                         0x00000000   Number         0  no_argv.o ABSOLUTE
    ../clib/bigflt.c                         0x00000000   Number         0  bigflt0.o ABSOLUTE
    ../clib/btod.s                           0x00000000   Number         0  btod.o ABSOLUTE
    ../clib/btod_accurate.c                  0x00000000   Number         0  btod_accurate.o ABSOLUTE
    ../clib/btod_accurate.c                  0x00000000   Number         0  btod_accurate_common.o ABSOLUTE
    ../clib/heapalloc.c                      0x00000000   Number         0  hrguard.o ABSOLUTE
    ../clib/heapaux.c                        0x00000000   Number         0  heapauxi.o ABSOLUTE
    ../clib/libinit.s                        0x00000000   Number         0  libinit.o ABSOLUTE
    ../clib/libinit.s                        0x00000000   Number         0  libinit2.o ABSOLUTE
    ../clib/libinit.s                        0x00000000   Number         0  libshutdown.o ABSOLUTE
    ../clib/libinit.s                        0x00000000   Number         0  libshutdown2.o ABSOLUTE
    ../clib/locale.s                         0x00000000   Number         0  lc_numeric_c.o ABSOLUTE
    ../clib/longlong.s                       0x00000000   Number         0  lludivv7m.o ABSOLUTE
    ../clib/longlong.s                       0x00000000   Number         0  lludiv10.o ABSOLUTE
    ../clib/longlong.s                       0x00000000   Number         0  llushr.o ABSOLUTE
    ../clib/memcpset.s                       0x00000000   Number         0  strcmpv7m.o ABSOLUTE
    ../clib/misc.s                           0x00000000   Number         0  printf_stubs.o ABSOLUTE
    ../clib/printf.c                         0x00000000   Number         0  __2sprintf.o ABSOLUTE
    ../clib/printf.c                         0x00000000   Number         0  noretval__2sprintf.o ABSOLUTE
    ../clib/printf.c                         0x00000000   Number         0  __printf.o ABSOLUTE
    ../clib/printf.c                         0x00000000   Number         0  _printf_pad.o ABSOLUTE
    ../clib/printf.c                         0x00000000   Number         0  __printf_flags.o ABSOLUTE
    ../clib/printf.c                         0x00000000   Number         0  __printf_ss.o ABSOLUTE
    ../clib/printf.c                         0x00000000   Number         0  __printf_flags_ss.o ABSOLUTE
    ../clib/printf.c                         0x00000000   Number         0  __printf_wp.o ABSOLUTE
    ../clib/printf.c                         0x00000000   Number         0  __printf_flags_wp.o ABSOLUTE
    ../clib/printf.c                         0x00000000   Number         0  __printf_ss_wp.o ABSOLUTE
    ../clib/printf.c                         0x00000000   Number         0  __printf_flags_ss_wp.o ABSOLUTE
    ../clib/printf.c                         0x00000000   Number         0  _printf_fp_dec.o ABSOLUTE
    ../clib/printf.c                         0x00000000   Number         0  _printf_fp_dec_accurate.o ABSOLUTE
    ../clib/printf.c                         0x00000000   Number         0  _printf_char_common.o ABSOLUTE
    ../clib/printf.c                         0x00000000   Number         0  _sputc.o ABSOLUTE
    ../clib/printf.c                         0x00000000   Number         0  _printf_fp_infnan.o ABSOLUTE
    ../clib/printf.c                         0x00000000   Number         0  __printf_nopercent.o ABSOLUTE
    ../clib/printf_percent.s                 0x00000000   Number         0  _printf_f.o ABSOLUTE
    ../clib/printf_percent.s                 0x00000000   Number         0  _printf_percent.o ABSOLUTE
    ../clib/printf_percent.s                 0x00000000   Number         0  _printf_percent_end.o ABSOLUTE
    ../clib/signal.c                         0x00000000   Number         0  defsig_fpe_outer.o ABSOLUTE
    ../clib/signal.c                         0x00000000   Number         0  defsig_fpe_formal.o ABSOLUTE
    ../clib/signal.c                         0x00000000   Number         0  defsig_exit.o ABSOLUTE
    ../clib/signal.c                         0x00000000   Number         0  defsig_fpe_inner.o ABSOLUTE
    ../clib/signal.c                         0x00000000   Number         0  __raise.o ABSOLUTE
    ../clib/signal.c                         0x00000000   Number         0  defsig_general.o ABSOLUTE
    ../clib/signal.c                         0x00000000   Number         0  defsig_rtmem_outer.o ABSOLUTE
    ../clib/signal.c                         0x00000000   Number         0  defsig_rtmem_formal.o ABSOLUTE
    ../clib/signal.c                         0x00000000   Number         0  defsig_abrt_inner.o ABSOLUTE
    ../clib/signal.c                         0x00000000   Number         0  defsig_rtred_inner.o ABSOLUTE
    ../clib/signal.c                         0x00000000   Number         0  defsig_rtmem_inner.o ABSOLUTE
    ../clib/signal.c                         0x00000000   Number         0  defsig_stak_inner.o ABSOLUTE
    ../clib/signal.c                         0x00000000   Number         0  defsig_pvfn_inner.o ABSOLUTE
    ../clib/signal.c                         0x00000000   Number         0  defsig_cppl_inner.o ABSOLUTE
    ../clib/signal.c                         0x00000000   Number         0  defsig_segv_inner.o ABSOLUTE
    ../clib/signal.c                         0x00000000   Number         0  defsig_other.o ABSOLUTE
    ../clib/signal.s                         0x00000000   Number         0  defsig.o ABSOLUTE
    ../clib/stdlib.c                         0x00000000   Number         0  exit.o ABSOLUTE
    ../fplib/d2f.s                           0x00000000   Number         0  d2f.o ABSOLUTE
    ../fplib/ddiv.s                          0x00000000   Number         0  ddiv.o ABSOLUTE
    ../fplib/dflt.s                          0x00000000   Number         0  dflt_clz.o ABSOLUTE
    ../fplib/dnaninf.s                       0x00000000   Number         0  dnaninf.o ABSOLUTE
    ../fplib/dretinf.s                       0x00000000   Number         0  dretinf.o ABSOLUTE
    ../fplib/f2d.s                           0x00000000   Number         0  f2d.o ABSOLUTE
    ../fplib/fdiv.s                          0x00000000   Number         0  fdiv.o ABSOLUTE
    ../fplib/fnaninf.s                       0x00000000   Number         0  fnaninf.o ABSOLUTE
    ../fplib/fpinit.s                        0x00000000   Number         0  fpinit.o ABSOLUTE
    ../fplib/fpinit_empty.s                  0x00000000   Number         0  fpinit_empty.o ABSOLUTE
    ../fplib/fretinf.s                       0x00000000   Number         0  fretinf.o ABSOLUTE
    ../fplib/istatus.s                       0x00000000   Number         0  istatus.o ABSOLUTE
    ../fplib/printf1.s                       0x00000000   Number         0  printf1.o ABSOLUTE
    ../fplib/usenofp.s                       0x00000000   Number         0  usenofp.o ABSOLUTE
    ../mathlib/fpclassify.c                  0x00000000   Number         0  fpclassify.o ABSOLUTE
    GPIO_LPC17xx.c                           0x00000000   Number         0  gpio_lpc17xx.o ABSOLUTE
    RTE/Device/LPC1768/startup_LPC17xx.s     0x00000000   Number         0  startup_lpc17xx_1.o ABSOLUTE
    dc.s                                     0x00000000   Number         0  dc.o ABSOLUTE
    led_counter.c                            0x00000000   Number         0  led_counter.o ABSOLUTE
    system_LPC17xx.c                         0x00000000   Number         0  system_lpc17xx_1.o ABSOLUTE
    RESET                                    0x00000000   Section      204  startup_lpc17xx_1.o(RESET)
    !!!main                                  0x000000cc   Section        8  __main.o(!!!main)
    !!!scatter                               0x000000d4   Section       52  __scatter.o(!!!scatter)
    !!handler_copy                           0x00000108   Section       26  __scatter_copy.o(!!handler_copy)
    !!handler_zi                             0x00000124   Section       28  __scatter_zi.o(!!handler_zi)
    .ARM.Collect$$_printf_percent$$00000000  0x00000140   Section        0  _printf_percent.o(.ARM.Collect$$_printf_percent$$00000000)
    .ARM.Collect$$_printf_percent$$00000003  0x00000140   Section        6  _printf_f.o(.ARM.Collect$$_printf_percent$$00000003)
    .ARM.Collect$$_printf_percent$$00000017  0x00000146   Section        4  _printf_percent_end.o(.ARM.Collect$$_printf_percent$$00000017)
    .ARM.Collect$$libinit$$00000000          0x0000014a   Section        2  libinit.o(.ARM.Collect$$libinit$$00000000)
    .ARM.Collect$$libinit$$00000002          0x0000014c   Section        0  libinit2.o(.ARM.Collect$$libinit$$00000002)
    .ARM.Collect$$libinit$$00000004          0x0000014c   Section        0  libinit2.o(.ARM.Collect$$libinit$$00000004)
    .ARM.Collect$$libinit$$0000000A          0x0000014c   Section        0  libinit2.o(.ARM.Collect$$libinit$$0000000A)
    .ARM.Collect$$libinit$$0000000C          0x0000014c   Section        0  libinit2.o(.ARM.Collect$$libinit$$0000000C)
    .ARM.Collect$$libinit$$0000000E          0x0000014c   Section        0  libinit2.o(.ARM.Collect$$libinit$$0000000E)
    .ARM.Collect$$libinit$$0000000F          0x0000014c   Section        6  libinit2.o(.ARM.Collect$$libinit$$0000000F)
    .ARM.Collect$$libinit$$00000011          0x00000152   Section        0  libinit2.o(.ARM.Collect$$libinit$$00000011)
    .ARM.Collect$$libinit$$00000013          0x00000152   Section        0  libinit2.o(.ARM.Collect$$libinit$$00000013)
    .ARM.Collect$$libinit$$00000015          0x00000152   Section        0  libinit2.o(.ARM.Collect$$libinit$$00000015)
    .ARM.Collect$$libinit$$00000016          0x00000152   Section       10  libinit2.o(.ARM.Collect$$libinit$$00000016)
    .ARM.Collect$$libinit$$00000017          0x0000015c   Section        0  libinit2.o(.ARM.Collect$$libinit$$00000017)
    .ARM.Collect$$libinit$$00000019          0x0000015c   Section        0  libinit2.o(.ARM.Collect$$libinit$$00000019)
    .ARM.Collect$$libinit$$0000001B          0x0000015c   Section        0  libinit2.o(.ARM.Collect$$libinit$$0000001B)
    .ARM.Collect$$libinit$$0000001D          0x0000015c   Section        0  libinit2.o(.ARM.Collect$$libinit$$0000001D)
    .ARM.Collect$$libinit$$0000001F          0x0000015c   Section        0  libinit2.o(.ARM.Collect$$libinit$$0000001F)
    .ARM.Collect$$libinit$$00000021          0x0000015c   Section        0  libinit2.o(.ARM.Collect$$libinit$$00000021)
    .ARM.Collect$$libinit$$00000023          0x0000015c   Section        0  libinit2.o(.ARM.Collect$$libinit$$00000023)
    .ARM.Collect$$libinit$$00000025          0x0000015c   Section        0  libinit2.o(.ARM.Collect$$libinit$$00000025)
    .ARM.Collect$$libinit$$0000002C          0x0000015c   Section        0  libinit2.o(.ARM.Collect$$libinit$$0000002C)
    .ARM.Collect$$libinit$$0000002E          0x0000015c   Section        0  libinit2.o(.ARM.Collect$$libinit$$0000002E)
    .ARM.Collect$$libinit$$00000030          0x0000015c   Section        0  libinit2.o(.ARM.Collect$$libinit$$00000030)
    .ARM.Collect$$libinit$$00000032          0x0000015c   Section        0  libinit2.o(.ARM.Collect$$libinit$$00000032)
    .ARM.Collect$$libinit$$00000033          0x0000015c   Section        2  libinit2.o(.ARM.Collect$$libinit$$00000033)
    .ARM.Collect$$libshutdown$$00000000      0x0000015e   Section        2  libshutdown.o(.ARM.Collect$$libshutdown$$00000000)
    .ARM.Collect$$libshutdown$$00000002      0x00000160   Section        0  libshutdown2.o(.ARM.Collect$$libshutdown$$00000002)
    .ARM.Collect$$libshutdown$$00000004      0x00000160   Section        0  libshutdown2.o(.ARM.Collect$$libshutdown$$00000004)
    .ARM.Collect$$libshutdown$$00000007      0x00000160   Section        0  libshutdown2.o(.ARM.Collect$$libshutdown$$00000007)
    .ARM.Collect$$libshutdown$$0000000A      0x00000160   Section        0  libshutdown2.o(.ARM.Collect$$libshutdown$$0000000A)
    .ARM.Collect$$libshutdown$$0000000C      0x00000160   Section        0  libshutdown2.o(.ARM.Collect$$libshutdown$$0000000C)
    .ARM.Collect$$libshutdown$$0000000F      0x00000160   Section        0  libshutdown2.o(.ARM.Collect$$libshutdown$$0000000F)
    .ARM.Collect$$libshutdown$$00000010      0x00000160   Section        2  libshutdown2.o(.ARM.Collect$$libshutdown$$00000010)
    .ARM.Collect$$rtentry$$00000000          0x00000162   Section        0  __rtentry.o(.ARM.Collect$$rtentry$$00000000)
    .ARM.Collect$$rtentry$$00000002          0x00000162   Section        0  __rtentry2.o(.ARM.Collect$$rtentry$$00000002)
    .ARM.Collect$$rtentry$$00000004          0x00000162   Section        6  __rtentry4.o(.ARM.Collect$$rtentry$$00000004)
    .ARM.Collect$$rtentry$$00000009          0x00000168   Section        0  __rtentry2.o(.ARM.Collect$$rtentry$$00000009)
    .ARM.Collect$$rtentry$$0000000A          0x00000168   Section        4  __rtentry2.o(.ARM.Collect$$rtentry$$0000000A)
    .ARM.Collect$$rtentry$$0000000C          0x0000016c   Section        0  __rtentry2.o(.ARM.Collect$$rtentry$$0000000C)
    .ARM.Collect$$rtentry$$0000000D          0x0000016c   Section        8  __rtentry2.o(.ARM.Collect$$rtentry$$0000000D)
    .ARM.Collect$$rtexit$$00000000           0x00000174   Section        2  rtexit.o(.ARM.Collect$$rtexit$$00000000)
    .ARM.Collect$$rtexit$$00000002           0x00000176   Section        0  rtexit2.o(.ARM.Collect$$rtexit$$00000002)
    .ARM.Collect$$rtexit$$00000003           0x00000176   Section        4  rtexit2.o(.ARM.Collect$$rtexit$$00000003)
    .ARM.Collect$$rtexit$$00000004           0x0000017a   Section        6  rtexit2.o(.ARM.Collect$$rtexit$$00000004)
    .text                                    0x00000180   Section       60  startup_lpc17xx_1.o(.text)
    .text                                    0x000001bc   Section      240  lludivv7m.o(.text)
    .text                                    0x000002ac   Section        0  noretval__2sprintf.o(.text)
    .text                                    0x000002d4   Section        0  heapauxi.o(.text)
    .text                                    0x000002da   Section        0  _sputc.o(.text)
    .text                                    0x000002e4   Section        8  rt_locale_intlibspace.o(.text)
    .text                                    0x000002ec   Section        8  libspace.o(.text)
    .text                                    0x000002f4   Section        2  use_no_semi.o(.text)
    .text                                    0x000002f6   Section        0  indicate_semi.o(.text)
    x$fpl$printf1                            0x000002f6   Section        4  printf1.o(x$fpl$printf1)
    x$fpl$usenofp                            0x000002fa   Section        0  usenofp.o(x$fpl$usenofp)
    .ARM.__at_0x02FC                         0x000002fc   Section        4  startup_lpc17xx_1.o(.ARM.__at_0x02FC)
    .text                                    0x00000300   Section        0  _printf_pad.o(.text)
    .text                                    0x0000034e   Section        0  __printf_wp.o(.text)
    _fp_digits                               0x0000045d   Thumb Code   432  _printf_fp_dec.o(.text)
    .text                                    0x0000045c   Section        0  _printf_fp_dec.o(.text)
    _printf_input_char                       0x00000879   Thumb Code    10  _printf_char_common.o(.text)
    .text                                    0x00000878   Section        0  _printf_char_common.o(.text)
    .text                                    0x000008a8   Section      138  lludiv10.o(.text)
    .text                                    0x00000934   Section        0  _printf_fp_infnan.o(.text)
    .text                                    0x000009b4   Section        0  bigflt0.o(.text)
    .text                                    0x00000a98   Section       74  sys_stackheap_outer.o(.text)
    .text                                    0x00000ae2   Section        0  exit.o(.text)
    .text                                    0x00000af4   Section      128  strcmpv7m.o(.text)
    .text                                    0x00000b74   Section        0  sys_exit.o(.text)
    [Anonymous Symbol]                       0x00000b80   Section        0  system_lpc17xx_1.o(.text.SystemCoreClockUpdate)
    [Anonymous Symbol]                       0x00000c78   Section        0  system_lpc17xx_1.o(.text.SystemInit)
    [Anonymous Symbol]                       0x00000d44   Section        0  led_counter.o(.text.clear_ports)
    [Anonymous Symbol]                       0x00000d68   Section        0  led_counter.o(.text.lcd_com)
    [Anonymous Symbol]                       0x00000d94   Section        0  led_counter.o(.text.lcd_data)
    [Anonymous Symbol]                       0x00000dc0   Section        0  led_counter.o(.text.lcd_init)
    [Anonymous Symbol]                       0x00000e54   Section        0  led_counter.o(.text.lcd_puts)
    [Anonymous Symbol]                       0x00000e78   Section        0  led_counter.o(.text.main)
    [Anonymous Symbol]                       0x00000f38   Section        0  led_counter.o(.text.wr_cn)
    [Anonymous Symbol]                       0x00000f68   Section        0  led_counter.o(.text.wr_dn)
    CL$$btod_d2e                             0x00000f94   Section       62  btod.o(CL$$btod_d2e)
    CL$$btod_d2e_denorm_low                  0x00000fd2   Section       70  btod.o(CL$$btod_d2e_denorm_low)
    CL$$btod_d2e_norm_op1                    0x00001018   Section       96  btod.o(CL$$btod_d2e_norm_op1)
    CL$$btod_div_common                      0x00001078   Section      824  btod.o(CL$$btod_div_common)
    CL$$btod_e2e                             0x000013b0   Section      220  btod.o(CL$$btod_e2e)
    CL$$btod_ediv                            0x0000148c   Section       42  btod.o(CL$$btod_ediv)
    CL$$btod_emul                            0x000014b6   Section       42  btod.o(CL$$btod_emul)
    CL$$btod_mult_common                     0x000014e0   Section      580  btod.o(CL$$btod_mult_common)
    i.__ARM_fpclassify                       0x00001724   Section        0  fpclassify.o(i.__ARM_fpclassify)
    i._is_digit                              0x0000174c   Section        0  __printf_wp.o(i._is_digit)
    locale$$code                             0x0000175c   Section       44  lc_numeric_c.o(locale$$code)
    x$fpl$d2f                                0x00001788   Section       98  d2f.o(x$fpl$d2f)
    x$fpl$ddiv                               0x000017ec   Section      692  ddiv.o(x$fpl$ddiv)
    ddiv_entry                               0x000017f3   Thumb Code     0  ddiv.o(x$fpl$ddiv)
    x$fpl$dfltu                              0x00001aa0   Section       38  dflt_clz.o(x$fpl$dfltu)
    x$fpl$dnaninf                            0x00001ac6   Section      156  dnaninf.o(x$fpl$dnaninf)
    x$fpl$dretinf                            0x00001b62   Section       12  dretinf.o(x$fpl$dretinf)
    x$fpl$f2d                                0x00001b70   Section       86  f2d.o(x$fpl$f2d)
    _fdiv1                                   0x00001bc9   Thumb Code     0  fdiv.o(x$fpl$fdiv)
    x$fpl$fdiv                               0x00001bc8   Section      388  fdiv.o(x$fpl$fdiv)
    x$fpl$fnaninf                            0x00001d4c   Section      140  fnaninf.o(x$fpl$fnaninf)
    x$fpl$fretinf                            0x00001dd8   Section       10  fretinf.o(x$fpl$fretinf)
    tenpwrs_x                                0x00001de4   Data          60  bigflt0.o(.constdata)
    .constdata                               0x00001de4   Section      148  bigflt0.o(.constdata)
    tenpwrs_i                                0x00001e20   Data          64  bigflt0.o(.constdata)
    locale$$data                             0x00001e98   Section       28  lc_numeric_c.o(locale$$data)
    __lcnum_c_name                           0x00001e9c   Data           2  lc_numeric_c.o(locale$$data)
    __lcnum_c_start                          0x00001ea4   Data           0  lc_numeric_c.o(locale$$data)
    __lcnum_c_point                          0x00001eb0   Data           0  lc_numeric_c.o(locale$$data)
    __lcnum_c_thousands                      0x00001eb2   Data           0  lc_numeric_c.o(locale$$data)
    __lcnum_c_grouping                       0x00001eb3   Data           0  lc_numeric_c.o(locale$$data)
    __lcnum_c_end                            0x00001eb4   Data           0  lc_numeric_c.o(locale$$data)
    .bss                                     0x10000008   Section       96  libspace.o(.bss)
    Heap_Mem                                 0x10000090   Data           0  startup_lpc17xx_1.o(HEAP)
    Stack_Mem                                0x10000090   Data         512  startup_lpc17xx_1.o(STACK)
    HEAP                                     0x10000090   Section        0  startup_lpc17xx_1.o(HEAP)
    STACK                                    0x10000090   Section      512  startup_lpc17xx_1.o(STACK)
    __initial_sp                             0x10000290   Data           0  startup_lpc17xx_1.o(STACK)

    Global Symbols

    Symbol Name                              Value     Ov Type        Size  Object(Section)

    BuildAttributes$$THM_ISAv4$P$D$K$B$S$PE$A:L22UL41UL21$X:L11$S22US41US21$IEEE1$IW$~IW$USESV6$~STKCKD$USESV7$~SHL$OTIME$ROPI$IEEEJ$EBA8$UX$STANDARDLIB$REQ8$PRES8$EABIv2 0x00000000   Number         0  anon$$obj.o ABSOLUTE
    __Vectors                                0x00000000   Data           4  startup_lpc17xx_1.o(RESET)
    __fp_init_empty                          0x00000000   Number         0  fpinit_empty.o ABSOLUTE
    _printf_flags                            0x00000000   Number         0  printf_stubs.o ABSOLUTE
    _printf_return_value                     0x00000000   Number         0  printf_stubs.o ABSOLUTE
    _printf_sizespec                         0x00000000   Number         0  printf_stubs.o ABSOLUTE
    _printf_widthprec                        0x00000000   Number         0  printf_stubs.o ABSOLUTE
    __ARM_exceptions_init                     - Undefined Weak Reference
    __alloca_initialize                       - Undefined Weak Reference
    __arm_preinit_                            - Undefined Weak Reference
    __cpp_initialize__aeabi_                  - Undefined Weak Reference
    __cxa_finalize                            - Undefined Weak Reference
    __sigvec_lookup                           - Undefined Weak Reference
    _atexit_init                              - Undefined Weak Reference
    _call_atexit_fns                          - Undefined Weak Reference
    _clock_init                               - Undefined Weak Reference
    _fp_trap_init                             - Undefined Weak Reference
    _fp_trap_shutdown                         - Undefined Weak Reference
    _get_lc_collate                           - Undefined Weak Reference
    _get_lc_ctype                             - Undefined Weak Reference
    _get_lc_monetary                          - Undefined Weak Reference
    _get_lc_time                              - Undefined Weak Reference
    _getenv_init                              - Undefined Weak Reference
    _handle_redirection                       - Undefined Weak Reference
    _init_alloc                               - Undefined Weak Reference
    _init_user_alloc                          - Undefined Weak Reference
    _initio                                   - Undefined Weak Reference
    _rand_init                                - Undefined Weak Reference
    _signal_finish                            - Undefined Weak Reference
    _signal_init                              - Undefined Weak Reference
    _terminate_alloc                          - Undefined Weak Reference
    _terminate_user_alloc                     - Undefined Weak Reference
    _terminateio                              - Undefined Weak Reference
    __main                                   0x000000cd   Thumb Code     8  __main.o(!!!main)
    __scatterload                            0x000000d5   Thumb Code     0  __scatter.o(!!!scatter)
    __scatterload_rt2                        0x000000d5   Thumb Code    44  __scatter.o(!!!scatter)
    __scatterload_rt2_thumb_only             0x000000d5   Thumb Code     0  __scatter.o(!!!scatter)
    __scatterload_null                       0x000000e3   Thumb Code     0  __scatter.o(!!!scatter)
    __scatterload_copy                       0x00000109   Thumb Code    26  __scatter_copy.o(!!handler_copy)
    __scatterload_zeroinit                   0x00000125   Thumb Code    28  __scatter_zi.o(!!handler_zi)
    _printf_f                                0x00000141   Thumb Code     0  _printf_f.o(.ARM.Collect$$_printf_percent$$00000003)
    _printf_percent                          0x00000141   Thumb Code     0  _printf_percent.o(.ARM.Collect$$_printf_percent$$00000000)
    _printf_percent_end                      0x00000147   Thumb Code     0  _printf_percent_end.o(.ARM.Collect$$_printf_percent$$00000017)
    __rt_lib_init                            0x0000014b   Thumb Code     0  libinit.o(.ARM.Collect$$libinit$$00000000)
    __rt_lib_init_fp_1                       0x0000014d   Thumb Code     0  libinit2.o(.ARM.Collect$$libinit$$00000002)
    __rt_lib_init_heap_1                     0x0000014d   Thumb Code     0  libinit2.o(.ARM.Collect$$libinit$$0000000A)
    __rt_lib_init_lc_common                  0x0000014d   Thumb Code     0  libinit2.o(.ARM.Collect$$libinit$$0000000F)
    __rt_lib_init_preinit_1                  0x0000014d   Thumb Code     0  libinit2.o(.ARM.Collect$$libinit$$00000004)
    __rt_lib_init_rand_1                     0x0000014d   Thumb Code     0  libinit2.o(.ARM.Collect$$libinit$$0000000E)
    __rt_lib_init_user_alloc_1               0x0000014d   Thumb Code     0  libinit2.o(.ARM.Collect$$libinit$$0000000C)
    __rt_lib_init_lc_collate_1               0x00000153   Thumb Code     0  libinit2.o(.ARM.Collect$$libinit$$00000011)
    __rt_lib_init_lc_ctype_1                 0x00000153   Thumb Code     0  libinit2.o(.ARM.Collect$$libinit$$00000013)
    __rt_lib_init_lc_monetary_1              0x00000153   Thumb Code     0  libinit2.o(.ARM.Collect$$libinit$$00000015)
    __rt_lib_init_lc_numeric_2               0x00000153   Thumb Code     0  libinit2.o(.ARM.Collect$$libinit$$00000016)
    __rt_lib_init_alloca_1                   0x0000015d   Thumb Code     0  libinit2.o(.ARM.Collect$$libinit$$0000002E)
    __rt_lib_init_argv_1                     0x0000015d   Thumb Code     0  libinit2.o(.ARM.Collect$$libinit$$0000002C)
    __rt_lib_init_atexit_1                   0x0000015d   Thumb Code     0  libinit2.o(.ARM.Collect$$libinit$$0000001B)
    __rt_lib_init_clock_1                    0x0000015d   Thumb Code     0  libinit2.o(.ARM.Collect$$libinit$$00000021)
    __rt_lib_init_cpp_1                      0x0000015d   Thumb Code     0  libinit2.o(.ARM.Collect$$libinit$$00000032)
    __rt_lib_init_exceptions_1               0x0000015d   Thumb Code     0  libinit2.o(.ARM.Collect$$libinit$$00000030)
    __rt_lib_init_fp_trap_1                  0x0000015d   Thumb Code     0  libinit2.o(.ARM.Collect$$libinit$$0000001F)
    __rt_lib_init_getenv_1                   0x0000015d   Thumb Code     0  libinit2.o(.ARM.Collect$$libinit$$00000023)
    __rt_lib_init_lc_numeric_1               0x0000015d   Thumb Code     0  libinit2.o(.ARM.Collect$$libinit$$00000017)
    __rt_lib_init_lc_time_1                  0x0000015d   Thumb Code     0  libinit2.o(.ARM.Collect$$libinit$$00000019)
    __rt_lib_init_return                     0x0000015d   Thumb Code     0  libinit2.o(.ARM.Collect$$libinit$$00000033)
    __rt_lib_init_signal_1                   0x0000015d   Thumb Code     0  libinit2.o(.ARM.Collect$$libinit$$0000001D)
    __rt_lib_init_stdio_1                    0x0000015d   Thumb Code     0  libinit2.o(.ARM.Collect$$libinit$$00000025)
    __rt_lib_shutdown                        0x0000015f   Thumb Code     0  libshutdown.o(.ARM.Collect$$libshutdown$$00000000)
    __rt_lib_shutdown_cpp_1                  0x00000161   Thumb Code     0  libshutdown2.o(.ARM.Collect$$libshutdown$$00000002)
    __rt_lib_shutdown_fp_trap_1              0x00000161   Thumb Code     0  libshutdown2.o(.ARM.Collect$$libshutdown$$00000007)
    __rt_lib_shutdown_heap_1                 0x00000161   Thumb Code     0  libshutdown2.o(.ARM.Collect$$libshutdown$$0000000F)
    __rt_lib_shutdown_return                 0x00000161   Thumb Code     0  libshutdown2.o(.ARM.Collect$$libshutdown$$00000010)
    __rt_lib_shutdown_signal_1               0x00000161   Thumb Code     0  libshutdown2.o(.ARM.Collect$$libshutdown$$0000000A)
    __rt_lib_shutdown_stdio_1                0x00000161   Thumb Code     0  libshutdown2.o(.ARM.Collect$$libshutdown$$00000004)
    __rt_lib_shutdown_user_alloc_1           0x00000161   Thumb Code     0  libshutdown2.o(.ARM.Collect$$libshutdown$$0000000C)
    __rt_entry                               0x00000163   Thumb Code     0  __rtentry.o(.ARM.Collect$$rtentry$$00000000)
    __rt_entry_presh_1                       0x00000163   Thumb Code     0  __rtentry2.o(.ARM.Collect$$rtentry$$00000002)
    __rt_entry_sh                            0x00000163   Thumb Code     0  __rtentry4.o(.ARM.Collect$$rtentry$$00000004)
    __rt_entry_li                            0x00000169   Thumb Code     0  __rtentry2.o(.ARM.Collect$$rtentry$$0000000A)
    __rt_entry_postsh_1                      0x00000169   Thumb Code     0  __rtentry2.o(.ARM.Collect$$rtentry$$00000009)
    __rt_entry_main                          0x0000016d   Thumb Code     0  __rtentry2.o(.ARM.Collect$$rtentry$$0000000D)
    __rt_entry_postli_1                      0x0000016d   Thumb Code     0  __rtentry2.o(.ARM.Collect$$rtentry$$0000000C)
    __rt_exit                                0x00000175   Thumb Code     0  rtexit.o(.ARM.Collect$$rtexit$$00000000)
    __rt_exit_ls                             0x00000177   Thumb Code     0  rtexit2.o(.ARM.Collect$$rtexit$$00000003)
    __rt_exit_prels_1                        0x00000177   Thumb Code     0  rtexit2.o(.ARM.Collect$$rtexit$$00000002)
    __rt_exit_exit                           0x0000017b   Thumb Code     0  rtexit2.o(.ARM.Collect$$rtexit$$00000004)
    Reset_Handler                            0x00000181   Thumb Code     8  startup_lpc17xx_1.o(.text)
    NMI_Handler                              0x00000189   Thumb Code     2  startup_lpc17xx_1.o(.text)
    HardFault_Handler                        0x0000018b   Thumb Code     2  startup_lpc17xx_1.o(.text)
    MemManage_Handler                        0x0000018d   Thumb Code     2  startup_lpc17xx_1.o(.text)
    BusFault_Handler                         0x0000018f   Thumb Code     2  startup_lpc17xx_1.o(.text)
    UsageFault_Handler                       0x00000191   Thumb Code     2  startup_lpc17xx_1.o(.text)
    SVC_Handler                              0x00000193   Thumb Code     2  startup_lpc17xx_1.o(.text)
    DebugMon_Handler                         0x00000195   Thumb Code     2  startup_lpc17xx_1.o(.text)
    PendSV_Handler                           0x00000197   Thumb Code     2  startup_lpc17xx_1.o(.text)
    SysTick_Handler                          0x00000199   Thumb Code     2  startup_lpc17xx_1.o(.text)
    ADC_IRQHandler                           0x0000019b   Thumb Code     0  startup_lpc17xx_1.o(.text)
    BOD_IRQHandler                           0x0000019b   Thumb Code     0  startup_lpc17xx_1.o(.text)
    CANActivity_IRQHandler                   0x0000019b   Thumb Code     0  startup_lpc17xx_1.o(.text)
    CAN_IRQHandler                           0x0000019b   Thumb Code     0  startup_lpc17xx_1.o(.text)
    DMA_IRQHandler                           0x0000019b   Thumb Code     0  startup_lpc17xx_1.o(.text)
    EINT0_IRQHandler                         0x0000019b   Thumb Code     0  startup_lpc17xx_1.o(.text)
    EINT1_IRQHandler                         0x0000019b   Thumb Code     0  startup_lpc17xx_1.o(.text)
    EINT2_IRQHandler                         0x0000019b   Thumb Code     0  startup_lpc17xx_1.o(.text)
    EINT3_IRQHandler                         0x0000019b   Thumb Code     0  startup_lpc17xx_1.o(.text)
    ENET_IRQHandler                          0x0000019b   Thumb Code     0  startup_lpc17xx_1.o(.text)
    I2C0_IRQHandler                          0x0000019b   Thumb Code     0  startup_lpc17xx_1.o(.text)
    I2C1_IRQHandler                          0x0000019b   Thumb Code     0  startup_lpc17xx_1.o(.text)
    I2C2_IRQHandler                          0x0000019b   Thumb Code     0  startup_lpc17xx_1.o(.text)
    I2S_IRQHandler                           0x0000019b   Thumb Code     0  startup_lpc17xx_1.o(.text)
    MCPWM_IRQHandler                         0x0000019b   Thumb Code     0  startup_lpc17xx_1.o(.text)
    PLL0_IRQHandler                          0x0000019b   Thumb Code     0  startup_lpc17xx_1.o(.text)
    PLL1_IRQHandler                          0x0000019b   Thumb Code     0  startup_lpc17xx_1.o(.text)
    PWM1_IRQHandler                          0x0000019b   Thumb Code     0  startup_lpc17xx_1.o(.text)
    QEI_IRQHandler                           0x0000019b   Thumb Code     0  startup_lpc17xx_1.o(.text)
    RIT_IRQHandler                           0x0000019b   Thumb Code     0  startup_lpc17xx_1.o(.text)
    RTC_IRQHandler                           0x0000019b   Thumb Code     0  startup_lpc17xx_1.o(.text)
    SPI_IRQHandler                           0x0000019b   Thumb Code     0  startup_lpc17xx_1.o(.text)
    SSP0_IRQHandler                          0x0000019b   Thumb Code     0  startup_lpc17xx_1.o(.text)
    SSP1_IRQHandler                          0x0000019b   Thumb Code     0  startup_lpc17xx_1.o(.text)
    TIMER0_IRQHandler                        0x0000019b   Thumb Code     0  startup_lpc17xx_1.o(.text)
    TIMER1_IRQHandler                        0x0000019b   Thumb Code     0  startup_lpc17xx_1.o(.text)
    TIMER2_IRQHandler                        0x0000019b   Thumb Code     0  startup_lpc17xx_1.o(.text)
    TIMER3_IRQHandler                        0x0000019b   Thumb Code     0  startup_lpc17xx_1.o(.text)
    UART0_IRQHandler                         0x0000019b   Thumb Code     0  startup_lpc17xx_1.o(.text)
    UART1_IRQHandler                         0x0000019b   Thumb Code     0  startup_lpc17xx_1.o(.text)
    UART2_IRQHandler                         0x0000019b   Thumb Code     0  startup_lpc17xx_1.o(.text)
    UART3_IRQHandler                         0x0000019b   Thumb Code     0  startup_lpc17xx_1.o(.text)
    USBActivity_IRQHandler                   0x0000019b   Thumb Code     0  startup_lpc17xx_1.o(.text)
    USB_IRQHandler                           0x0000019b   Thumb Code     0  startup_lpc17xx_1.o(.text)
    WDT_IRQHandler                           0x0000019b   Thumb Code     0  startup_lpc17xx_1.o(.text)
    __user_initial_stackheap                 0x0000019d   Thumb Code     0  startup_lpc17xx_1.o(.text)
    __aeabi_uldivmod                         0x000001bd   Thumb Code     0  lludivv7m.o(.text)
    _ll_udiv                                 0x000001bd   Thumb Code   240  lludivv7m.o(.text)
    __2sprintf                               0x000002ad   Thumb Code    34  noretval__2sprintf.o(.text)
    __use_two_region_memory                  0x000002d5   Thumb Code     2  heapauxi.o(.text)
    __rt_heap_escrow$2region                 0x000002d7   Thumb Code     2  heapauxi.o(.text)
    __rt_heap_expand$2region                 0x000002d9   Thumb Code     2  heapauxi.o(.text)
    _sputc                                   0x000002db   Thumb Code    10  _sputc.o(.text)
    __rt_locale                              0x000002e5   Thumb Code     8  rt_locale_intlibspace.o(.text)
    __user_libspace                          0x000002ed   Thumb Code     8  libspace.o(.text)
    __user_perproc_libspace                  0x000002ed   Thumb Code     0  libspace.o(.text)
    __user_perthread_libspace                0x000002ed   Thumb Code     0  libspace.o(.text)
    __I$use$semihosting                      0x000002f5   Thumb Code     0  use_no_semi.o(.text)
    __use_no_semihosting_swi                 0x000002f5   Thumb Code     2  use_no_semi.o(.text)
    __semihosting_library_function           0x000002f7   Thumb Code     0  indicate_semi.o(.text)
    _printf_fp_dec                           0x000002f7   Thumb Code     4  printf1.o(x$fpl$printf1)
    __I$use$fp                               0x000002fa   Number         0  usenofp.o(x$fpl$usenofp)
    _printf_pre_padding                      0x00000301   Thumb Code    44  _printf_pad.o(.text)
    _printf_post_padding                     0x0000032d   Thumb Code    34  _printf_pad.o(.text)
    __printf                                 0x0000034f   Thumb Code   270  __printf_wp.o(.text)
    _printf_fp_dec_real                      0x0000060d   Thumb Code   620  _printf_fp_dec.o(.text)
    _printf_char_common                      0x00000883   Thumb Code    32  _printf_char_common.o(.text)
    _ll_udiv10                               0x000008a9   Thumb Code   138  lludiv10.o(.text)
    _printf_fp_infnan                        0x00000935   Thumb Code   112  _printf_fp_infnan.o(.text)
    _btod_etento                             0x000009b5   Thumb Code   224  bigflt0.o(.text)
    __user_setup_stackheap                   0x00000a99   Thumb Code    74  sys_stackheap_outer.o(.text)
    exit                                     0x00000ae3   Thumb Code    18  exit.o(.text)
    strcmp                                   0x00000af5   Thumb Code   128  strcmpv7m.o(.text)
    _sys_exit                                0x00000b75   Thumb Code     8  sys_exit.o(.text)
    SystemCoreClockUpdate                    0x00000b81   Thumb Code   248  system_lpc17xx_1.o(.text.SystemCoreClockUpdate)
    SystemInit                               0x00000c79   Thumb Code   204  system_lpc17xx_1.o(.text.SystemInit)
    clear_ports                              0x00000d45   Thumb Code    34  led_counter.o(.text.clear_ports)
    lcd_com                                  0x00000d69   Thumb Code    44  led_counter.o(.text.lcd_com)
    lcd_data                                 0x00000d95   Thumb Code    44  led_counter.o(.text.lcd_data)
    lcd_init                                 0x00000dc1   Thumb Code   146  led_counter.o(.text.lcd_init)
    lcd_puts                                 0x00000e55   Thumb Code    36  led_counter.o(.text.lcd_puts)
    main                                     0x00000e79   Thumb Code   184  led_counter.o(.text.main)
    wr_cn                                    0x00000f39   Thumb Code    46  led_counter.o(.text.wr_cn)
    wr_dn                                    0x00000f69   Thumb Code    44  led_counter.o(.text.wr_dn)
    _btod_d2e                                0x00000f95   Thumb Code    62  btod.o(CL$$btod_d2e)
    _d2e_denorm_low                          0x00000fd3   Thumb Code    70  btod.o(CL$$btod_d2e_denorm_low)
    _d2e_norm_op1                            0x00001019   Thumb Code    96  btod.o(CL$$btod_d2e_norm_op1)
    __btod_div_common                        0x00001079   Thumb Code   696  btod.o(CL$$btod_div_common)
    _e2e                                     0x000013b1   Thumb Code   220  btod.o(CL$$btod_e2e)
    _btod_ediv                               0x0000148d   Thumb Code    42  btod.o(CL$$btod_ediv)
    _btod_emul                               0x000014b7   Thumb Code    42  btod.o(CL$$btod_emul)
    __btod_mult_common                       0x000014e1   Thumb Code   580  btod.o(CL$$btod_mult_common)
    __ARM_fpclassify                         0x00001725   Thumb Code    40  fpclassify.o(i.__ARM_fpclassify)
    _is_digit                                0x0000174d   Thumb Code    14  __printf_wp.o(i._is_digit)
    _get_lc_numeric                          0x0000175d   Thumb Code    44  lc_numeric_c.o(locale$$code)
    __aeabi_d2f                              0x00001789   Thumb Code     0  d2f.o(x$fpl$d2f)
    _d2f                                     0x00001789   Thumb Code    98  d2f.o(x$fpl$d2f)
    __aeabi_ddiv                             0x000017ed   Thumb Code     0  ddiv.o(x$fpl$ddiv)
    _ddiv                                    0x000017ed   Thumb Code   556  ddiv.o(x$fpl$ddiv)
    __aeabi_ui2d                             0x00001aa1   Thumb Code     0  dflt_clz.o(x$fpl$dfltu)
    _dfltu                                   0x00001aa1   Thumb Code    38  dflt_clz.o(x$fpl$dfltu)
    __fpl_dnaninf                            0x00001ac7   Thumb Code   156  dnaninf.o(x$fpl$dnaninf)
    __fpl_dretinf                            0x00001b63   Thumb Code    12  dretinf.o(x$fpl$dretinf)
    __aeabi_f2d                              0x00001b71   Thumb Code     0  f2d.o(x$fpl$f2d)
    _f2d                                     0x00001b71   Thumb Code    86  f2d.o(x$fpl$f2d)
    __aeabi_fdiv                             0x00001bc9   Thumb Code     0  fdiv.o(x$fpl$fdiv)
    _fdiv                                    0x00001bc9   Thumb Code   384  fdiv.o(x$fpl$fdiv)
    __fpl_fnaninf                            0x00001d4d   Thumb Code   140  fnaninf.o(x$fpl$fnaninf)
    __fpl_fretinf                            0x00001dd9   Thumb Code    10  fretinf.o(x$fpl$fretinf)
    Region$$Table$$Base                      0x00001e78   Number         0  anon$$obj.o(Region$$Table)
    Region$$Table$$Limit                     0x00001e98   Number         0  anon$$obj.o(Region$$Table)
    SystemCoreClock                          0x10000000   Data           4  system_lpc17xx_1.o(.data.SystemCoreClock)
    __libspace_start                         0x10000008   Data          96  libspace.o(.bss)
    __temporary_stack_top$libspace           0x10000068   Data           0  libspace.o(.bss)
    final                                    0x10000068   Data           4  led_counter.o(.bss.final)
    i                                        0x1000006c   Data           4  led_counter.o(.bss.i)
    temp                                     0x10000070   Data           4  led_counter.o(.bss.temp)
    temp1                                    0x10000074   Data           4  led_counter.o(.bss.temp1)
    temp2                                    0x10000078   Data           4  led_counter.o(.bss.temp2)
    temper                                   0x1000007c   Data          20  led_counter.o(.bss.temper)



==============================================================================

Memory Map of the image

  Image Entry point : 0x00000181

  Load Region LR_1 (Base: 0x00000000, Size: 0x00001eb8, Max: 0xffffffff, ABSOLUTE)

    Execution Region ER_RO (Exec base: 0x00000000, Load base: 0x00000000, Size: 0x00001eb4, Max: 0xffffffff, ABSOLUTE)

    Exec Addr    Load Addr    Size         Type   Attr      Idx    E Section Name        Object

    0x00000000   0x00000000   0x000000cc   Data   RO           60    RESET               startup_lpc17xx_1.o
    0x000000cc   0x000000cc   0x00000008   Code   RO          118  * !!!main             c_w.l(__main.o)
    0x000000d4   0x000000d4   0x00000034   Code   RO          380    !!!scatter          c_w.l(__scatter.o)
    0x00000108   0x00000108   0x0000001a   Code   RO          382    !!handler_copy      c_w.l(__scatter_copy.o)
    0x00000122   0x00000122   0x00000002   PAD
    0x00000124   0x00000124   0x0000001c   Code   RO          384    !!handler_zi        c_w.l(__scatter_zi.o)
    0x00000140   0x00000140   0x00000000   Code   RO          115    .ARM.Collect$$_printf_percent$$00000000  c_w.l(_printf_percent.o)
    0x00000140   0x00000140   0x00000006   Code   RO          114    .ARM.Collect$$_printf_percent$$00000003  c_w.l(_printf_f.o)
    0x00000146   0x00000146   0x00000004   Code   RO          153    .ARM.Collect$$_printf_percent$$00000017  c_w.l(_printf_percent_end.o)
    0x0000014a   0x0000014a   0x00000002   Code   RO          245    .ARM.Collect$$libinit$$00000000  c_w.l(libinit.o)
    0x0000014c   0x0000014c   0x00000000   Code   RO          247    .ARM.Collect$$libinit$$00000002  c_w.l(libinit2.o)
    0x0000014c   0x0000014c   0x00000000   Code   RO          249    .ARM.Collect$$libinit$$00000004  c_w.l(libinit2.o)
    0x0000014c   0x0000014c   0x00000000   Code   RO          252    .ARM.Collect$$libinit$$0000000A  c_w.l(libinit2.o)
    0x0000014c   0x0000014c   0x00000000   Code   RO          254    .ARM.Collect$$libinit$$0000000C  c_w.l(libinit2.o)
    0x0000014c   0x0000014c   0x00000000   Code   RO          256    .ARM.Collect$$libinit$$0000000E  c_w.l(libinit2.o)
    0x0000014c   0x0000014c   0x00000006   Code   RO          257    .ARM.Collect$$libinit$$0000000F  c_w.l(libinit2.o)
    0x00000152   0x00000152   0x00000000   Code   RO          259    .ARM.Collect$$libinit$$00000011  c_w.l(libinit2.o)
    0x00000152   0x00000152   0x00000000   Code   RO          261    .ARM.Collect$$libinit$$00000013  c_w.l(libinit2.o)
    0x00000152   0x00000152   0x00000000   Code   RO          263    .ARM.Collect$$libinit$$00000015  c_w.l(libinit2.o)
    0x00000152   0x00000152   0x0000000a   Code   RO          264    .ARM.Collect$$libinit$$00000016  c_w.l(libinit2.o)
    0x0000015c   0x0000015c   0x00000000   Code   RO          265    .ARM.Collect$$libinit$$00000017  c_w.l(libinit2.o)
    0x0000015c   0x0000015c   0x00000000   Code   RO          267    .ARM.Collect$$libinit$$00000019  c_w.l(libinit2.o)
    0x0000015c   0x0000015c   0x00000000   Code   RO          269    .ARM.Collect$$libinit$$0000001B  c_w.l(libinit2.o)
    0x0000015c   0x0000015c   0x00000000   Code   RO          271    .ARM.Collect$$libinit$$0000001D  c_w.l(libinit2.o)
    0x0000015c   0x0000015c   0x00000000   Code   RO          273    .ARM.Collect$$libinit$$0000001F  c_w.l(libinit2.o)
    0x0000015c   0x0000015c   0x00000000   Code   RO          275    .ARM.Collect$$libinit$$00000021  c_w.l(libinit2.o)
    0x0000015c   0x0000015c   0x00000000   Code   RO          277    .ARM.Collect$$libinit$$00000023  c_w.l(libinit2.o)
    0x0000015c   0x0000015c   0x00000000   Code   RO          279    .ARM.Collect$$libinit$$00000025  c_w.l(libinit2.o)
    0x0000015c   0x0000015c   0x00000000   Code   RO          283    .ARM.Collect$$libinit$$0000002C  c_w.l(libinit2.o)
    0x0000015c   0x0000015c   0x00000000   Code   RO          285    .ARM.Collect$$libinit$$0000002E  c_w.l(libinit2.o)
    0x0000015c   0x0000015c   0x00000000   Code   RO          287    .ARM.Collect$$libinit$$00000030  c_w.l(libinit2.o)
    0x0000015c   0x0000015c   0x00000000   Code   RO          289    .ARM.Collect$$libinit$$00000032  c_w.l(libinit2.o)
    0x0000015c   0x0000015c   0x00000002   Code   RO          290    .ARM.Collect$$libinit$$00000033  c_w.l(libinit2.o)
    0x0000015e   0x0000015e   0x00000002   Code   RO          345    .ARM.Collect$$libshutdown$$00000000  c_w.l(libshutdown.o)
    0x00000160   0x00000160   0x00000000   Code   RO          363    .ARM.Collect$$libshutdown$$00000002  c_w.l(libshutdown2.o)
    0x00000160   0x00000160   0x00000000   Code   RO          365    .ARM.Collect$$libshutdown$$00000004  c_w.l(libshutdown2.o)
    0x00000160   0x00000160   0x00000000   Code   RO          368    .ARM.Collect$$libshutdown$$00000007  c_w.l(libshutdown2.o)
    0x00000160   0x00000160   0x00000000   Code   RO          371    .ARM.Collect$$libshutdown$$0000000A  c_w.l(libshutdown2.o)
    0x00000160   0x00000160   0x00000000   Code   RO          373    .ARM.Collect$$libshutdown$$0000000C  c_w.l(libshutdown2.o)
    0x00000160   0x00000160   0x00000000   Code   RO          376    .ARM.Collect$$libshutdown$$0000000F  c_w.l(libshutdown2.o)
    0x00000160   0x00000160   0x00000002   Code   RO          377    .ARM.Collect$$libshutdown$$00000010  c_w.l(libshutdown2.o)
    0x00000162   0x00000162   0x00000000   Code   RO          140    .ARM.Collect$$rtentry$$00000000  c_w.l(__rtentry.o)
    0x00000162   0x00000162   0x00000000   Code   RO          164    .ARM.Collect$$rtentry$$00000002  c_w.l(__rtentry2.o)
    0x00000162   0x00000162   0x00000006   Code   RO          176    .ARM.Collect$$rtentry$$00000004  c_w.l(__rtentry4.o)
    0x00000168   0x00000168   0x00000000   Code   RO          166    .ARM.Collect$$rtentry$$00000009  c_w.l(__rtentry2.o)
    0x00000168   0x00000168   0x00000004   Code   RO          167    .ARM.Collect$$rtentry$$0000000A  c_w.l(__rtentry2.o)
    0x0000016c   0x0000016c   0x00000000   Code   RO          169    .ARM.Collect$$rtentry$$0000000C  c_w.l(__rtentry2.o)
    0x0000016c   0x0000016c   0x00000008   Code   RO          170    .ARM.Collect$$rtentry$$0000000D  c_w.l(__rtentry2.o)
    0x00000174   0x00000174   0x00000002   Code   RO          291    .ARM.Collect$$rtexit$$00000000  c_w.l(rtexit.o)
    0x00000176   0x00000176   0x00000000   Code   RO          310    .ARM.Collect$$rtexit$$00000002  c_w.l(rtexit2.o)
    0x00000176   0x00000176   0x00000004   Code   RO          311    .ARM.Collect$$rtexit$$00000003  c_w.l(rtexit2.o)
    0x0000017a   0x0000017a   0x00000006   Code   RO          312    .ARM.Collect$$rtexit$$00000004  c_w.l(rtexit2.o)
    0x00000180   0x00000180   0x0000003c   Code   RO           62  * .text               startup_lpc17xx_1.o
    0x000001bc   0x000001bc   0x000000f0   Code   RO           84    .text               c_w.l(lludivv7m.o)
    0x000002ac   0x000002ac   0x00000028   Code   RO           88    .text               c_w.l(noretval__2sprintf.o)
    0x000002d4   0x000002d4   0x00000006   Code   RO          116    .text               c_w.l(heapauxi.o)
    0x000002da   0x000002da   0x0000000a   Code   RO          151    .text               c_w.l(_sputc.o)
    0x000002e4   0x000002e4   0x00000008   Code   RO          183    .text               c_w.l(rt_locale_intlibspace.o)
    0x000002ec   0x000002ec   0x00000008   Code   RO          225    .text               c_w.l(libspace.o)
    0x000002f4   0x000002f4   0x00000002   Code   RO          332    .text               c_w.l(use_no_semi.o)
    0x000002f6   0x000002f6   0x00000000   Code   RO          334    .text               c_w.l(indicate_semi.o)
    0x000002f6   0x000002f6   0x00000004   Code   RO          138    x$fpl$printf1       fz_ws.l(printf1.o)
    0x000002fa   0x000002fa   0x00000000   Code   RO          162    x$fpl$usenofp       fz_ws.l(usenofp.o)
    0x000002fa   0x000002fa   0x00000002   PAD
    0x000002fc   0x000002fc   0x00000004   Code   RO           61    .ARM.__at_0x02FC    startup_lpc17xx_1.o
    0x00000300   0x00000300   0x0000004e   Code   RO           92    .text               c_w.l(_printf_pad.o)
    0x0000034e   0x0000034e   0x0000010e   Code   RO          102    .text               c_w.l(__printf_wp.o)
    0x0000045c   0x0000045c   0x0000041c   Code   RO          145    .text               c_w.l(_printf_fp_dec.o)
    0x00000878   0x00000878   0x00000030   Code   RO          149    .text               c_w.l(_printf_char_common.o)
    0x000008a8   0x000008a8   0x0000008a   Code   RO          185    .text               c_w.l(lludiv10.o)
    0x00000932   0x00000932   0x00000002   PAD
    0x00000934   0x00000934   0x00000080   Code   RO          187    .text               c_w.l(_printf_fp_infnan.o)
    0x000009b4   0x000009b4   0x000000e4   Code   RO          191    .text               c_w.l(bigflt0.o)
    0x00000a98   0x00000a98   0x0000004a   Code   RO          228    .text               c_w.l(sys_stackheap_outer.o)
    0x00000ae2   0x00000ae2   0x00000012   Code   RO          232    .text               c_w.l(exit.o)
    0x00000af4   0x00000af4   0x00000080   Code   RO          238    .text               c_w.l(strcmpv7m.o)
    0x00000b74   0x00000b74   0x0000000c   Code   RO          305    .text               c_w.l(sys_exit.o)
    0x00000b80   0x00000b80   0x000000f8   Code   RO           71    .text.SystemCoreClockUpdate  system_lpc17xx_1.o
    0x00000c78   0x00000c78   0x000000cc   Code   RO           73    .text.SystemInit    system_lpc17xx_1.o
    0x00000d44   0x00000d44   0x00000022   Code   RO           20    .text.clear_ports   led_counter.o
    0x00000d66   0x00000d66   0x00000002   PAD
    0x00000d68   0x00000d68   0x0000002c   Code   RO            8    .text.lcd_com       led_counter.o
    0x00000d94   0x00000d94   0x0000002c   Code   RO           12    .text.lcd_data      led_counter.o
    0x00000dc0   0x00000dc0   0x00000092   Code   RO            6    .text.lcd_init      led_counter.o
    0x00000e52   0x00000e52   0x00000002   PAD
    0x00000e54   0x00000e54   0x00000024   Code   RO            4    .text.lcd_puts      led_counter.o
    0x00000e78   0x00000e78   0x000000c0   Code   RO            2    .text.main          led_counter.o
    0x00000f38   0x00000f38   0x0000002e   Code   RO           10    .text.wr_cn         led_counter.o
    0x00000f66   0x00000f66   0x00000002   PAD
    0x00000f68   0x00000f68   0x0000002c   Code   RO           14    .text.wr_dn         led_counter.o
    0x00000f94   0x00000f94   0x0000003e   Code   RO          194    CL$$btod_d2e        c_w.l(btod.o)
    0x00000fd2   0x00000fd2   0x00000046   Code   RO          196    CL$$btod_d2e_denorm_low  c_w.l(btod.o)
    0x00001018   0x00001018   0x00000060   Code   RO          195    CL$$btod_d2e_norm_op1  c_w.l(btod.o)
    0x00001078   0x00001078   0x00000338   Code   RO          204    CL$$btod_div_common  c_w.l(btod.o)
    0x000013b0   0x000013b0   0x000000dc   Code   RO          201    CL$$btod_e2e        c_w.l(btod.o)
    0x0000148c   0x0000148c   0x0000002a   Code   RO          198    CL$$btod_ediv       c_w.l(btod.o)
    0x000014b6   0x000014b6   0x0000002a   Code   RO          197    CL$$btod_emul       c_w.l(btod.o)
    0x000014e0   0x000014e0   0x00000244   Code   RO          203    CL$$btod_mult_common  c_w.l(btod.o)
    0x00001724   0x00001724   0x00000028   Code   RO          223    i.__ARM_fpclassify  m_ws.l(fpclassify.o)
    0x0000174c   0x0000174c   0x0000000e   Code   RO          104    i._is_digit         c_w.l(__printf_wp.o)
    0x0000175a   0x0000175a   0x00000002   PAD
    0x0000175c   0x0000175c   0x0000002c   Code   RO          219    locale$$code        c_w.l(lc_numeric_c.o)
    0x00001788   0x00001788   0x00000062   Code   RO          120    x$fpl$d2f           fz_ws.l(d2f.o)
    0x000017ea   0x000017ea   0x00000002   PAD
    0x000017ec   0x000017ec   0x000002b4   Code   RO          123    x$fpl$ddiv          fz_ws.l(ddiv.o)
    0x00001aa0   0x00001aa0   0x00000026   Code   RO          126    x$fpl$dfltu         fz_ws.l(dflt_clz.o)
    0x00001ac6   0x00001ac6   0x0000009c   Code   RO          154    x$fpl$dnaninf       fz_ws.l(dnaninf.o)
    0x00001b62   0x00001b62   0x0000000c   Code   RO          156    x$fpl$dretinf       fz_ws.l(dretinf.o)
    0x00001b6e   0x00001b6e   0x00000002   PAD
    0x00001b70   0x00001b70   0x00000056   Code   RO          132    x$fpl$f2d           fz_ws.l(f2d.o)
    0x00001bc6   0x00001bc6   0x00000002   PAD
    0x00001bc8   0x00001bc8   0x00000184   Code   RO          135    x$fpl$fdiv          fz_ws.l(fdiv.o)
    0x00001d4c   0x00001d4c   0x0000008c   Code   RO          158    x$fpl$fnaninf       fz_ws.l(fnaninf.o)
    0x00001dd8   0x00001dd8   0x0000000a   Code   RO          160    x$fpl$fretinf       fz_ws.l(fretinf.o)
    0x00001de2   0x00001de2   0x00000002   PAD
    0x00001de4   0x00001de4   0x00000094   Data   RO          192    .constdata          c_w.l(bigflt0.o)
    0x00001e78   0x00001e78   0x00000020   Data   RO          379    Region$$Table       anon$$obj.o
    0x00001e98   0x00001e98   0x0000001c   Data   RO          218    locale$$data        c_w.l(lc_numeric_c.o)


    Execution Region ER_RW (Exec base: 0x10000000, Load base: 0x00001eb4, Size: 0x00000004, Max: 0xffffffff, ABSOLUTE)

    Exec Addr    Load Addr    Size         Type   Attr      Idx    E Section Name        Object

    0x10000000   0x00001eb4   0x00000004   Data   RW           75    .data.SystemCoreClock  system_lpc17xx_1.o


    Execution Region ER_ZI (Exec base: 0x10000008, Load base: 0x00001eb8, Size: 0x00000288, Max: 0xffffffff, ABSOLUTE)

    Exec Addr    Load Addr    Size         Type   Attr      Idx    E Section Name        Object

    0x10000008        -       0x00000060   Zero   RW          226    .bss                c_w.l(libspace.o)
    0x10000068        -       0x00000004   Zero   RW           26    .bss.final          led_counter.o
    0x1000006c        -       0x00000004   Zero   RW           28    .bss.i              led_counter.o
    0x10000070        -       0x00000004   Zero   RW           25    .bss.temp           led_counter.o
    0x10000074        -       0x00000004   Zero   RW           23    .bss.temp1          led_counter.o
    0x10000078        -       0x00000004   Zero   RW           24    .bss.temp2          led_counter.o
    0x1000007c        -       0x00000014   Zero   RW           27    .bss.temper         led_counter.o
    0x10000090        -       0x00000000   Zero   RW           59    HEAP                startup_lpc17xx_1.o
    0x10000090        -       0x00000200   Zero   RW           58    STACK               startup_lpc17xx_1.o


==============================================================================

Image component sizes


      Code (inc. data)   RO Data    RW Data    ZI Data      Debug   Object Name

       586          8          0          0         40       4323   led_counter.o
        64         26        204          0        512       1096   startup_lpc17xx_1.o
       452          8          0          4          0       2165   system_lpc17xx_1.o

    ----------------------------------------------------------------------
      1108         42        236          4        552       7584   Object Totals
         0          0         32          0          0          0   (incl. Generated)
         6          0          0          0          0          0   (incl. Padding)

    ----------------------------------------------------------------------

      Code (inc. data)   RO Data    RW Data    ZI Data      Debug   Library Member Name

         8          0          0          0          0         68   __main.o
       284          0          0          0          0        156   __printf_wp.o
         0          0          0          0          0          0   __rtentry.o
        12          0          0          0          0          0   __rtentry2.o
         6          0          0          0          0          0   __rtentry4.o
        52          8          0          0          0          0   __scatter.o
        26          0          0          0          0          0   __scatter_copy.o
        28          0          0          0          0          0   __scatter_zi.o
        48          6          0          0          0         96   _printf_char_common.o
         6          0          0          0          0          0   _printf_f.o
      1052          0          0          0          0        148   _printf_fp_dec.o
       128         16          0          0          0         84   _printf_fp_infnan.o
        78          0          0          0          0        108   _printf_pad.o
         0          0          0          0          0          0   _printf_percent.o
         4          0          0          0          0          0   _printf_percent_end.o
        10          0          0          0          0         68   _sputc.o
       228          4        148          0          0         96   bigflt0.o
      1936        128          0          0          0        668   btod.o
        18          0          0          0          0         80   exit.o
         6          0          0          0          0        152   heapauxi.o
         0          0          0          0          0          0   indicate_semi.o
        44         10         28          0          0         76   lc_numeric_c.o
         2          0          0          0          0          0   libinit.o
        18          0          0          0          0          0   libinit2.o
         2          0          0          0          0          0   libshutdown.o
         2          0          0          0          0          0   libshutdown2.o
         8          4          0          0         96         68   libspace.o
       138          0          0          0          0         80   lludiv10.o
       240          0          0          0          0        100   lludivv7m.o
        40          6          0          0          0         84   noretval__2sprintf.o
         8          4          0          0          0         68   rt_locale_intlibspace.o
         2          0          0          0          0          0   rtexit.o
        10          0          0          0          0          0   rtexit2.o
       128          0          0          0          0         68   strcmpv7m.o
        12          4          0          0          0         68   sys_exit.o
        74          0          0          0          0         80   sys_stackheap_outer.o
         2          0          0          0          0         68   use_no_semi.o
        98          4          0          0          0         92   d2f.o
       692        140          0          0          0        216   ddiv.o
        38          0          0          0          0         68   dflt_clz.o
       156          4          0          0          0         92   dnaninf.o
        12          0          0          0          0         68   dretinf.o
        86          4          0          0          0         84   f2d.o
       388         76          0          0          0         96   fdiv.o
       140          4          0          0          0         84   fnaninf.o
        10          0          0          0          0         68   fretinf.o
         4          0          0          0          0         68   printf1.o
         0          0          0          0          0          0   usenofp.o
        40          0          0          0          0         68   fpclassify.o

    ----------------------------------------------------------------------
      6340        422        176          0         96       3488   Library Totals
        16          0          0          0          0          0   (incl. Padding)

    ----------------------------------------------------------------------

      Code (inc. data)   RO Data    RW Data    ZI Data      Debug   Library Name

      4660        190        176          0         96       2484   c_w.l
      1624        232          0          0          0        936   fz_ws.l
        40          0          0          0          0         68   m_ws.l

    ----------------------------------------------------------------------
      6340        422        176          0         96       3488   Library Totals

    ----------------------------------------------------------------------

==============================================================================


      Code (inc. data)   RO Data    RW Data    ZI Data      Debug   

      7448        464        412          4        648       9228   Grand Totals
      7448        464        412          4        648       9228   ELF Image Totals
      7448        464        412          4          0          0   ROM Totals

==============================================================================

    Total RO  Size (Code + RO Data)                 7860 (   7.68kB)
    Total RW  Size (RW Data + ZI Data)               652 (   0.64kB)
    Total ROM Size (Code + RO Data + RW Data)       7864 (   7.68kB)

==============================================================================

