<html>
<body>
<pre>
<h1>µVision Build Log</h1>
<h2>Tool Versions:</h2>
IDE-Version: µVision V5.35.0.0
Copyright (C) 2021 ARM Ltd and ARM Germany GmbH. All rights reserved.
License Information: Sarthak Shastri, Student, LIC=----
 
Tool Versions:
Toolchain:       MDK-Lite  Version: 5.35.0.2
Toolchain Path:  C:\Keil_v5\ARM\ARMCLANG\Bin
C Compiler:      ArmClang.exe V6.16
Assembler:       Armasm.exe V6.16
Linker/Locator:  ArmLink.exe V6.16
Library Manager: ArmAr.exe V6.16
Hex Converter:   FromElf.exe V6.16
CPU DLL:         SARMCM3.DLL V5.35.0.2
Dialog DLL:      DCM.DLL V1.17.3.0
Target DLL:      UL2CM3.DLL V1.164.0.0
Dialog DLL:      TCM.DLL V1.53.0.0
 
<h2>Project:</h2>
C:\Users\Sanjay\OneDrive - Manipal Academy of Higher Education\Documents\GitHub\ES-Lab\Lab6\embedded_c.uvprojx
Project File Date:  11/11/2021

<h2>Output:</h2>
*** Using Compiler 'V6.16', folder: 'C:\Keil_v5\ARM\ARMCLANG\Bin'
Build target 'Target 1'
Note: source file 'RTE\Device\LPC1768\startup_LPC17xx.s' - object file renamed from '.\Objects\startup_LPC17xx.o' to '.\Objects\startup_lpc17xx_1.o'.
Note: source file 'RTE\Device\LPC1768\startup_LPC17xx.s' - object file renamed from '.\Objects\startup_LPC17xx.o' to '.\Objects\startup_lpc17xx_1.o'.
Note: source file 'RTE\Device\LPC1768\system_LPC17xx.c' - object file renamed from '.\Objects\system_LPC17xx.o' to '.\Objects\system_lpc17xx_1.o'.
RTE/Device/LPC1768/system_LPC17xx.c(36): warning: In file included from...
C:/Users/Sanjay/AppData/Local/Arm/Packs/Keil/LPC1700_DFP/2.7.0/Device/Include\LPC17xx.h(200): warning: anonymous structs are a C11 extension [-Wc11-extensions]
    struct {
    ^
C:/Users/Sanjay/AppData/Local/Arm/Packs/Keil/LPC1700_DFP/2.7.0/Device/Include\LPC17xx.h(204): warning: anonymous structs are a C11 extension [-Wc11-extensions]
    struct {
    ^
C:/Users/Sanjay/AppData/Local/Arm/Packs/Keil/LPC1700_DFP/2.7.0/Device/Include\LPC17xx.h(198): warning: anonymous unions are a C11 extension [-Wc11-extensions]
  union {
  ^
C:/Users/Sanjay/AppData/Local/Arm/Packs/Keil/LPC1700_DFP/2.7.0/Device/Include\LPC17xx.h(214): warning: anonymous structs are a C11 extension [-Wc11-extensions]
    struct {
    ^
C:/Users/Sanjay/AppData/Local/Arm/Packs/Keil/LPC1700_DFP/2.7.0/Device/Include\LPC17xx.h(218): warning: anonymous structs are a C11 extension [-Wc11-extensions]
    struct {
    ^
C:/Users/Sanjay/AppData/Local/Arm/Packs/Keil/LPC1700_DFP/2.7.0/Device/Include\LPC17xx.h(212): warning: anonymous unions are a C11 extension [-Wc11-extensions]
  union {
  ^
C:/Users/Sanjay/AppData/Local/Arm/Packs/Keil/LPC1700_DFP/2.7.0/Device/Include\LPC17xx.h(227): warning: anonymous structs are a C11 extension [-Wc11-extensions]
    struct {
    ^
C:/Users/Sanjay/AppData/Local/Arm/Packs/Keil/LPC1700_DFP/2.7.0/Device/Include\LPC17xx.h(231): warning: anonymous structs are a C11 extension [-Wc11-extensions]
    struct {
    ^
C:/Users/Sanjay/AppData/Local/Arm/Packs/Keil/LPC1700_DFP/2.7.0/Device/Include\LPC17xx.h(225): warning: anonymous unions are a C11 extension [-Wc11-extensions]
  union {
  ^
C:/Users/Sanjay/AppData/Local/Arm/Packs/Keil/LPC1700_DFP/2.7.0/Device/Include\LPC17xx.h(240): warning: anonymous structs are a C11 extension [-Wc11-extensions]
    struct {
    ^
C:/Users/Sanjay/AppData/Local/Arm/Packs/Keil/LPC1700_DFP/2.7.0/Device/Include\LPC17xx.h(244): warning: anonymous structs are a C11 extension [-Wc11-extensions]
    struct {
    ^
C:/Users/Sanjay/AppData/Local/Arm/Packs/Keil/LPC1700_DFP/2.7.0/Device/Include\LPC17xx.h(238): warning: anonymous unions are a C11 extension [-Wc11-extensions]
  union {
  ^
C:/Users/Sanjay/AppData/Local/Arm/Packs/Keil/LPC1700_DFP/2.7.0/Device/Include\LPC17xx.h(253): warning: anonymous structs are a C11 extension [-Wc11-extensions]
    struct {
    ^
C:/Users/Sanjay/AppData/Local/Arm/Packs/Keil/LPC1700_DFP/2.7.0/Device/Include\LPC17xx.h(257): warning: anonymous structs are a C11 extension [-Wc11-extensions]
    struct {
    ^
C:/Users/Sanjay/AppData/Local/Arm/Packs/Keil/LPC1700_DFP/2.7.0/Device/Include\LPC17xx.h(251): warning: anonymous unions are a C11 extension [-Wc11-extensions]
  union {
  ^
C:/Users/Sanjay/AppData/Local/Arm/Packs/Keil/LPC1700_DFP/2.7.0/Device/Include\LPC17xx.h(339): warning: anonymous unions are a C11 extension [-Wc11-extensions]
  union {
  ^
C:/Users/Sanjay/AppData/Local/Arm/Packs/Keil/LPC1700_DFP/2.7.0/Device/Include\LPC17xx.h(345): warning: anonymous unions are a C11 extension [-Wc11-extensions]
  union {
  ^
C:/Users/Sanjay/AppData/Local/Arm/Packs/Keil/LPC1700_DFP/2.7.0/Device/Include\LPC17xx.h(349): warning: anonymous unions are a C11 extension [-Wc11-extensions]
  union {
  ^
C:/Users/Sanjay/AppData/Local/Arm/Packs/Keil/LPC1700_DFP/2.7.0/Device/Include\LPC17xx.h(371): warning: anonymous unions are a C11 extension [-Wc11-extensions]
  union {
  ^
C:/Users/Sanjay/AppData/Local/Arm/Packs/Keil/LPC1700_DFP/2.7.0/Device/Include\LPC17xx.h(377): warning: anonymous unions are a C11 extension [-Wc11-extensions]
  union {
  ^
C:/Users/Sanjay/AppData/Local/Arm/Packs/Keil/LPC1700_DFP/2.7.0/Device/Include\LPC17xx.h(382): warning: anonymous unions are a C11 extension [-Wc11-extensions]
  union {
  ^
C:/Users/Sanjay/AppData/Local/Arm/Packs/Keil/LPC1700_DFP/2.7.0/Device/Include\LPC17xx.h(833): warning: anonymous unions are a C11 extension [-Wc11-extensions]
  union {
  ^
C:/Users/Sanjay/AppData/Local/Arm/Packs/Keil/LPC1700_DFP/2.7.0/Device/Include\LPC17xx.h(843): warning: anonymous unions are a C11 extension [-Wc11-extensions]
  union {
  ^
C:/Users/Sanjay/AppData/Local/Arm/Packs/Keil/LPC1700_DFP/2.7.0/Device/Include\LPC17xx.h(847): warning: anonymous unions are a C11 extension [-Wc11-extensions]
  union {
  ^
24 warnings generated.
compiling system_LPC17xx.c...
linking...
Program Size: Code=7448 RO-data=412 RW-data=4 ZI-data=648  
".\Objects\embedded_c.axf" - 0 Error(s), 24 Warning(s).

<h2>Software Packages used:</h2>

Package Vendor: ARM
                http://www.keil.com/pack/ARM.CMSIS.5.8.0.pack
                ARM.CMSIS.5.8.0
                CMSIS (Common Microcontroller Software Interface Standard)
   * Component: CORE Version: 5.5.0

Package Vendor: Keil
                http://www.keil.com/pack/Keil.LPC1700_DFP.2.7.0.pack
                Keil.LPC1700_DFP.2.7.0
                NXP LPC1700 Series Device Support, Drivers and Examples for MCB1700 and LPC1788-32
   * Component: GPIO Version: 1.1.0
   * Component: Startup Version: 1.0.0

<h2>Collection of Component include folders:</h2>
  .\RTE\Device\LPC1768
  .\RTE\_Target_1
  C:\Users\Sanjay\AppData\Local\Arm\Packs\ARM\CMSIS\5.8.0\CMSIS\Core\Include
  C:\Users\Sanjay\AppData\Local\Arm\Packs\Keil\LPC1700_DFP\2.7.0\Device\Include
  C:\Users\Sanjay\AppData\Local\Arm\Packs\Keil\LPC1700_DFP\2.7.0\RTE_Driver

<h2>Collection of Component Files used:</h2>

   * Component: ARM::CMSIS:CORE:5.5.0

   * Component: Keil::Device:GPIO:1.1.0
      Source file:   RTE_Driver\GPIO_LPC17xx.c
      Include file:  RTE_Driver\GPIO_LPC17xx.h

   * Component: Keil::Device:Startup:1.0.0
      Include file:  Device\Include\LPC17xx.h
      Source file:   Device\Source\system_LPC17xx.c
      Include file:  RTE_Driver\Config\RTE_Device.h
      Source file:   Device\Source\ARM\startup_LPC17xx.s
Build Time Elapsed:  00:00:01
</pre>
</body>
</html>
